{"tool":"phpunit","result":"failed","tests":134,"passed":133,"assertions":811,"duration_ms":11590,"failed":1,"failures":[{"test":"Tests\\Feature\\HomePageTest::test_home_anonymizes_profile_tabs_when_user_post_visibility_is_disabled","file":"/home/pc/Documents/web-review/tests/Feature/HomePageTest.php","line":566,"message":"Failed asserting that '<!doctype html>\\n\n<html lang=\"en\">\\n\n<head>\\n\n    <meta charset=\"UTF-8\">\\n\n    <meta name=\"viewport\" content=\"width=device-width, initial-scale=1\">\\n\n    <meta name=\"csrf-token\" content=\"ZCw5t2pMBrVGtoMV3XfGRmyHvWGNFLXUn404Lrlz\">\\n\n    <title>\\n\n            Home\\n\n    </title>\\n\n    <link rel=\"icon\" type=\"image/svg+xml\" href=\"/favicon.svg\">\\n\n    <link rel=\"preconnect\" href=\"https://fonts.googleapis.com\">\\n\n<link rel=\"preconnect\" href=\"https://fonts.gstatic.com\" crossorigin>\\n\n<link href=\"https://fonts.googleapis.com/css2?family=Figtree:wght@400;500;600;700;800;900&family=Inter:wght@400;500;600;700;800;900&family=Nunito:wght@400;500;600;700;800;900&family=Open+Sans:wght@400;500;600;700;800;900&family=Poppins:wght@400;500;600;700;800;900&family=Roboto:wght@400;500;600;700;800;900&display=swap\" rel=\"stylesheet\">\\n\n                <style>\\n\n            :root {\\n\n                --accent-color: #6c5ce7;\\n\n                --background-color: #ffffff;\\n\n                --text-color: #0d1b2a;\\n\n                --font-family: Figtree, sans-serif;\\n\n            }\\n\n        </style>\\n\n            <script type=\"module\" src=\"http://localhost:5173/@vite/client\"></script><link rel=\"stylesheet\" href=\"http://localhost:5173/resources/css/app.css\" /><script type=\"module\" src=\"http://localhost:5173/resources/js/app.js\"></script>            <script type=\"module\" src=\"http://localhost:5173/@vite/client\"></script><link rel=\"stylesheet\" href=\"http://localhost:5173/resources/css/homepage.css\" />\\n\n</head>\\n\n<body class=\"m-0 box-border p-0 bg-[var(--background-color)] text-[var(--text-color)]\" style=\"font-family: var(--font-family);\">\\n\n    <div class=\"sitesphere-loader\" data-page-loader aria-hidden=\"true\" role=\"status\" aria-live=\"polite\">\\n\n    <span class=\"sitesphere-loader__label\">Loading SiteSphere</span>\\n\n\\n\n    <div class=\"sitesphere-loader__stage\" aria-hidden=\"true\">\\n\n        <svg class=\"sitesphere-loader__icon sitesphere-loader__draw sitesphere-loader__glow\" viewBox=\"0 0 88.5 99.5\" fill=\"none\" xmlns=\"http://www.w3.org/2000/svg\">\\n\n            <path class=\"sitesphere-loader__draw-a\" pathLength=\"100\" d=\"M44.5 28.75L28.75 37.25L28.75 38.75L63.25 58.5L66.5 60.75L65.75 62.5L43.75 74.25L9.75 54.25L7.75 53.25L6 54L6.25 72L43.75 93.5L46 93.25L82.5 71.75L82 50Z\"/>\\n\n            <path class=\"sitesphere-loader__draw-b\" pathLength=\"100\" d=\"M43.25 6L6.25 27.75L6.25 49L41 69.25L46.25 69.75L60.25 61.5L56.25 58L22 39L22 37.75L45 25.25L82 46.25L82.5 27.75L60.5 14L45.5 6Z\"/>\\n\n        </svg>\\n\n    </div>\\n\n</div>\\n\n\\n\n    <style>\\n\n        .sitesphere-loader {\\n\n            --sitesphere-loader-accent: var(--accent-color, #6c5ce7);\\n\n            position: fixed;\\n\n            inset: 0;\\n\n            z-index: 9999;\\n\n            display: grid;\\n\n            place-items: center;\\n\n            background: color-mix(in srgb, var(--background-color, #ffffff) 86%, transparent);\\n\n            opacity: 0;\\n\n            visibility: hidden;\\n\n            pointer-events: none;\\n\n            transition: opacity 180ms ease, visibility 180ms ease;\\n\n            backdrop-filter: blur(6px);\\n\n        }\\n\n\\n\n        .sitesphere-loader.is-active {\\n\n            opacity: 1;\\n\n            visibility: visible;\\n\n            pointer-events: auto;\\n\n        }\\n\n\\n\n        .sitesphere-loader__label {\\n\n            position: absolute;\\n\n            width: 1px;\\n\n            height: 1px;\\n\n            overflow: hidden;\\n\n            clip: rect(0, 0, 0, 0);\\n\n            white-space: nowrap;\\n\n        }\\n\n\\n\n        .sitesphere-loader__stage {\\n\n            display: flex;\\n\n            align-items: center;\\n\n            justify-content: center;\\n\n        }\\n\n\\n\n        .sitesphere-loader__icon {\\n\n            width: 150px;\\n\n            height: auto;\\n\n        }\\n\n\\n\n        .sitesphere-loader__glow {\\n\n            filter: drop-shadow(0 0 14px color-mix(in srgb, var(--sitesphere-loader-accent) 55%, transparent));\\n\n        }\\n\n\\n\n        .sitesphere-loader__draw path {\\n\n            fill: var(--sitesphere-loader-accent);\\n\n            stroke: var(--sitesphere-loader-accent);\\n\n            stroke-width: 2.4;\\n\n            stroke-linejoin: round;\\n\n            stroke-dasharray: 100;\\n\n            stroke-dashoffset: 100;\\n\n            fill-opacity: 0;\\n\n            stroke-opacity: 1;\\n\n        }\\n\n\\n\n        .sitesphere-loader.is-active .sitesphere-loader__draw-a {\\n\n            animation: sitesphereLoaderDraw 1.2s ease-in-out infinite;\\n\n            animation-fill-mode: both;\\n\n        }\\n\n\\n\n        .sitesphere-loader.is-active .sitesphere-loader__draw-b {\\n\n            animation: sitesphereLoaderDraw 1.2s ease-in-out infinite;\\n\n            animation-delay: 0.25s;\\n\n            animation-fill-mode: both;\\n\n        }\\n\n\\n\n        @keyframes sitesphereLoaderDraw {\\n\n            0% { stroke-dashoffset: 100; fill-opacity: 0; stroke-opacity: 1; }\\n\n            38% { stroke-dashoffset: 0; fill-opacity: 0; stroke-opacity: 1; }\\n\n            52% { stroke-dashoffset: 0; fill-opacity: 1; stroke-opacity: 1; }\\n\n            80% { stroke-dashoffset: 0; fill-opacity: 1; stroke-opacity: 1; }\\n\n            96% { stroke-dashoffset: 0; fill-opacity: 0; stroke-opacity: 0; }\\n\n            100% { stroke-dashoffset: 0; fill-opacity: 0; stroke-opacity: 0; }\\n\n        }\\n\n\\n\n        @media (prefers-reduced-motion: reduce) {\\n\n            .sitesphere-loader,\\n\n            .sitesphere-loader.is-active .sitesphere-loader__draw-a,\\n\n            .sitesphere-loader.is-active .sitesphere-loader__draw-b {\\n\n                transition: none;\\n\n                animation: none;\\n\n            }\\n\n        }\\n\n    </style>\\n\n\\n\n    <script>\\n\n        (() => {\\n\n            if (window.siteSpherePageLoaderInitialized) {\\n\n                return;\\n\n            }\\n\n\\n\n            window.siteSpherePageLoaderInitialized = true;\\n\n\\n\n            const loader = document.querySelector('[data-page-loader]');\\n\n\\n\n            if (! loader) {\\n\n                return;\\n\n            }\\n\n\\n\n            const minimumVisibleMilliseconds = 1000;\\n\n            let shownAt = 0;\\n\n            let hideTimeout = null;\\n\n\\n\n            const showLoader = () => {\\n\n                if (hideTimeout) {\\n\n                    clearTimeout(hideTimeout);\\n\n                    hideTimeout = null;\\n\n                }\\n\n\\n\n                shownAt = Date.now();\\n\n                loader.classList.remove('is-active');\\n\n                void loader.offsetWidth;\\n\n                loader.classList.add('is-active');\\n\n                loader.setAttribute('aria-hidden', 'false');\\n\n            };\\n\n\\n\n            const hideLoader = () => {\\n\n                const deactivateLoader = () => {\\n\n                    loader.classList.remove('is-active');\\n\n                    loader.setAttribute('aria-hidden', 'true');\\n\n                    hideTimeout = null;\\n\n                };\\n\n\\n\n                if (! shownAt) {\\n\n                    deactivateLoader();\\n\n\\n\n                    return;\\n\n                }\\n\n\\n\n                const elapsedMilliseconds = Date.now() - shownAt;\\n\n                const remainingMilliseconds = minimumVisibleMilliseconds - elapsedMilliseconds;\\n\n\\n\n                if (remainingMilliseconds <= 0) {\\n\n                    deactivateLoader();\\n\n\\n\n                    return;\\n\n                }\\n\n\\n\n                hideTimeout = setTimeout(deactivateLoader, remainingMilliseconds);\\n\n            };\\n\n\\n\n            const navigationEntry = performance.getEntriesByType('navigation')[0];\\n\n\\n\n            const isModifiedClick = (event) => event.metaKey || event.ctrlKey || event.shiftKey || event.altKey || event.button !== 0;\\n\n\\n\n            const isEligibleLink = (link, event) => {\\n\n                if (! link || event.defaultPrevented || isModifiedClick(event) || link.closest('[data-no-loader]')) {\\n\n                    return false;\\n\n                }\\n\n\\n\n                if (link.hasAttribute('download') || (link.target && link.target !== '_self')) {\\n\n                    return false;\\n\n                }\\n\n\\n\n                const href = link.getAttribute('href');\\n\n\\n\n                if (! href || href.startsWith('#') || href.startsWith('mailto:') || href.startsWith('tel:') || href.startsWith('javascript:')) {\\n\n                    return false;\\n\n                }\\n\n\\n\n                const destination = new URL(link.href, window.location.href);\\n\n                const current = new URL(window.location.href);\\n\n                const onlyHashChanges = destination.origin === current.origin\\n\n                    && destination.pathname === current.pathname\\n\n                    && destination.search === current.search\\n\n                    && destination.hash;\\n\n\\n\n                return destination.origin === current.origin && ! onlyHashChanges;\\n\n            };\\n\n\\n\n            document.addEventListener('click', (event) => {\\n\n                const link = event.target.closest('a[href]');\\n\n\\n\n                if (isEligibleLink(link, event)) {\\n\n                    showLoader();\\n\n                }\\n\n            });\\n\n\\n\n            document.addEventListener('submit', (event) => {\\n\n                if (! event.defaultPrevented && ! event.target.closest('[data-no-loader]')) {\\n\n                    showLoader();\\n\n                }\\n\n            });\\n\n\\n\n            if (navigationEntry?.type === 'reload') {\\n\n                showLoader();\\n\n            }\\n\n\\n\n            window.addEventListener('beforeunload', showLoader);\\n\n            window.addEventListener('pagehide', showLoader);\\n\n            window.addEventListener('load', hideLoader);\\n\n            window.addEventListener('pageshow', hideLoader);\\n\n        })();\\n\n    </script>\\n\n        <nav class=\"desktop-nav flex items-center\" x-data=\"{ scrolled: false }\" @scroll.window=\"scrolled = window.scrollY > 20\" :class=\"{ 'scrolled': scrolled }\">\\n\n    <div class=\"max-w-screen-xl w-full mx-auto flex flex-wrap items-center justify-between\">\\n\n\\n\n        <div class=\"flex gap-3\">\\n\n            <a href=\"http://127.0.0.1:8000\" class=\"site-brand flex items-center space-x-0 rtl:space-x-reverse\">\\n\n                <svg\\n\n    class=\"size-10 shrink-0\" style=\"color: var(--accent-color, #6c5ce7);\"\\n\n    xmlns=\"http://www.w3.org/2000/svg\"\\n\n    viewBox=\"0 0 88.5 99.5\"\\n\n    fill=\"none\"\\n\n    role=\"img\"\\n\n    aria-label=\"SiteSphere\"\\n\n>\\n\n    <path fill=\"var(--accent-color, #6c5ce7)\" d=\"M44.5 28.75L28.75 37.25L28.75 38.75L63.25 58.5L66.5 60.75L65.75 62.5L43.75 74.25L9.75 54.25L7.75 53.25L6 54L6.25 72L43.75 93.5L46 93.25L82.5 71.75L82 50Z\"></path>\\n\n    <path fill=\"var(--accent-color, #6c5ce7)\" d=\"M43.25 6L6.25 27.75L6.25 49L41 69.25L46.25 69.75L60.25 61.5L56.25 58L22 39L22 37.75L45 25.25L82 46.25L82.5 27.75L60.5 14L45.5 6Z\"></path>\\n\n</svg>\\n\n                <span class=\"self-center text-xl text-heading font-semibold whitespace-nowrap\">SiteSphere</span>\\n\n            </a>\\n\n                           <form method=\"post\" id=\"searchForm\" class=\"w-auto\">\\n\n    <input type=\"hidden\" name=\"_token\" value=\"ZCw5t2pMBrVGtoMV3XfGRmyHvWGNFLXUn404Lrlz\" autocomplete=\"off\">    <div class=\"desktop-search-container\">\\n\n        <svg class=\"icon text-[var(--accent-color)]\" fill=\"currentColor\" xmlns=\"http://www.w3.org/2000/svg\" viewBox=\"0 0 512 512\"><!--! Font Awesome Free 7.2.0 by @fontawesome - https://fontawesome.com License - https://fontawesome.com/license/free (Icons: CC BY 4.0, Fonts: SIL OFL 1.1, Code: MIT License) Copyright 2026 Fonticons, Inc. --><path fill=\"currentColor\" d=\"M416 208c0 45.9-14.9 88.3-40 122.7L502.6 457.4c12.5 12.5 12.5 32.8 0 45.3s-32.8 12.5-45.3 0L330.7 376C296.3 401.1 253.9 416 208 416 93.1 416 0 322.9 0 208S93.1 0 208 0 416 93.1 416 208zM208 352a144 144 0 1 0 0-288 144 144 0 1 0 0 288z\"/></svg>        <input type=\"search\" id=\"search\" placeholder=\"Search...\" aria-label=\"Search\" />\\n\n    </div>\\n\n</form>\\n\n                   </div>\\n\n\\n\n\\n\n        <div class=\"items-center justify-between w-full md:flex md:w-auto md:order-1\" id=\"navbar-sticky\">\\n\n            <ul class=\"flex p-4 md:p-0 mt-4 md:space-x-8 rtl:space-x-reverse md:mt-0 \">\\n\n                                    <li>\\n\n                        <a href=\"http://127.0.0.1:8000/home\" class=\"desktop-link active\"  aria-current=\"page\" >\\n\n    <div class=\"md:flex gap-2\">\\n\n        <svg class=\"icon\" fill=\"currentColor\" xmlns=\"http://www.w3.org/2000/svg\" viewBox=\"0 0 512 512\"><!--! Font Awesome Free 7.2.0 by @fontawesome - https://fontawesome.com License - https://fontawesome.com/license/free (Icons: CC BY 4.0, Fonts: SIL OFL 1.1, Code: MIT License) Copyright 2026 Fonticons, Inc. --><path fill=\"currentColor\" d=\"M277.8 8.6c-12.3-11.4-31.3-11.4-43.5 0l-224 208c-9.6 9-12.8 22.9-8 35.1S18.8 272 32 272l16 0 0 176c0 35.3 28.7 64 64 64l288 0c35.3 0 64-28.7 64-64l0-176 16 0c13.2 0 25-8.1 29.8-20.3s1.6-26.2-8-35.1l-224-208zM240 320l32 0c26.5 0 48 21.5 48 48l0 96-128 0 0-96c0-26.5 21.5-48 48-48z\"/></svg>        <span>Home</span>\\n\n    </div>\\n\n</a>\\n\n\\n\n                    </li>\\n\n                    <li>\\n\n                        <button data-dropdown-toggle=\"mega-menu-icons-dropdown\" class=\"desktop-link\">\\n\n    <svg class=\"icon\" fill=\"currentColor\" xmlns=\"http://www.w3.org/2000/svg\" viewBox=\"0 0 512 512\"><!--! Font Awesome Free 7.2.0 by @fontawesome - https://fontawesome.com License - https://fontawesome.com/license/free (Icons: CC BY 4.0, Fonts: SIL OFL 1.1, Code: MIT License) Copyright 2026 Fonticons, Inc. --><path fill=\"currentColor\" d=\"M232.5 5.2c14.9-6.9 32.1-6.9 47 0l218.6 101c8.5 3.9 13.9 12.4 13.9 21.8s-5.4 17.9-13.9 21.8l-218.6 101c-14.9 6.9-32.1 6.9-47 0L13.9 149.8C5.4 145.8 0 137.3 0 128s5.4-17.9 13.9-21.8L232.5 5.2zM48.1 218.4l164.3 75.9c27.7 12.8 59.6 12.8 87.3 0l164.3-75.9 34.1 15.8c8.5 3.9 13.9 12.4 13.9 21.8s-5.4 17.9-13.9 21.8l-218.6 101c-14.9 6.9-32.1 6.9-47 0L13.9 277.8C5.4 273.8 0 265.3 0 256s5.4-17.9 13.9-21.8l34.1-15.8zM13.9 362.2l34.1-15.8 164.3 75.9c27.7 12.8 59.6 12.8 87.3 0l164.3-75.9 34.1 15.8c8.5 3.9 13.9 12.4 13.9 21.8s-5.4 17.9-13.9 21.8l-218.6 101c-14.9 6.9-32.1 6.9-47 0L13.9 405.8C5.4 401.8 0 393.3 0 384s5.4-17.9 13.9-21.8z\"/></svg>    <span>Categories</span>\\n\n    <svg class=\"w-4 h-4 ms-1.5 -me-0.5\" aria-hidden=\"true\" xmlns=\"http://www.w3.org/2000/svg\" width=\"24\" height=\"24\" fill=\"none\" viewBox=\"0 0 24 24\"><path stroke=\"currentColor\" stroke-linecap=\"round\" stroke-linejoin=\"round\" stroke-width=\"2\" d=\"m19 9-7 7-7-7\"/></svg>\\n\n</button>\\n\n\\n\n<div\\n\n    id=\"mega-menu-icons-dropdown\"\\n\n    class=\"category-menu-dropdown absolute z-10 hidden text-sm bg-neutral-200 border border-1 rounded-xl shadow-md\"\\n\n>\\n\n    <div class=\"category-menu-panel p-4 text-heading md:pb-4\">\\n\n                    <p class=\"text-body\">No categories available.</p>\\n\n            </div>\\n\n</div>\\n\n\\n\n                    </li>\\n\n                                            </ul>\\n\n        </div>\\n\n\\n\n        \\n\n        <div class=\"flex md:order-2 space-x-3 md:space-x-3 rtl:space-x-reverse  \">\\n\n            <ul class=\"flex items-center justify-center p-4 md:p-0 mt-4 md:space-x-4 rtl:space-x-reverse md:mt-0 \">\\n\n                                   <li>\\n\n                        <a href=\"http://127.0.0.1:8000/posts/create\"\\n\n   class=\"write-button\"\\n\n   data-tooltip-placement=\"bottom\"\\n\n   data-tooltip-target=\"create-post\"\\n\n>\\n\n    <svg class=\"icon text-white\" fill=\"currentColor\" xmlns=\"http://www.w3.org/2000/svg\" viewBox=\"0 0 448 512\"><!--! Font Awesome Free 7.2.0 by @fontawesome - https://fontawesome.com License - https://fontawesome.com/license/free (Icons: CC BY 4.0, Fonts: SIL OFL 1.1, Code: MIT License) Copyright 2026 Fonticons, Inc. --><path fill=\"currentColor\" d=\"M256 64c0-17.7-14.3-32-32-32s-32 14.3-32 32l0 160-160 0c-17.7 0-32 14.3-32 32s14.3 32 32 32l160 0 0 160c0 17.7 14.3 32 32 32s32-14.3 32-32l0-160 160 0c17.7 0 32-14.3 32-32s-14.3-32-32-32l-160 0 0-160z\"/></svg></a>\\n\n<div id=\"create-post\" role=\"tooltip\" class=\" text-white absolute z-10 invisible inline-block px-3 py-2 text-md bg-gray-600 rounded-xl shadow-xs opacity-0 tooltip\">\\n\n    Create Post\\n\n</div>\\n\n\\n\n                    </li>\\n\n                    <li>\\n\n                        <button\\n\n    id=\"notificationDropdownButton\"\\n\n    type=\"button\"\\n\n    data-dropdown-toggle=\"notificationDropdown\"\\n\n    class=\"noti-button\"\\n\n    aria-label=\"Notifications\"\\n\n>\\n\n    <svg class=\"icon\" fill=\"currentColor\" xmlns=\"http://www.w3.org/2000/svg\" viewBox=\"0 0 448 512\"><!--! Font Awesome Free 7.2.0 by @fontawesome - https://fontawesome.com License - https://fontawesome.com/license/free (Icons: CC BY 4.0, Fonts: SIL OFL 1.1, Code: MIT License) Copyright 2026 Fonticons, Inc. --><path fill=\"currentColor\" d=\"M224 0c-13.3 0-24 10.7-24 24l0 9.7C118.6 45.3 56 115.4 56 200l0 14.5c0 37.7-10 74.7-29 107.3L5.1 359.2C1.8 365 0 371.5 0 378.2 0 399.1 16.9 416 37.8 416l372.4 0c20.9 0 37.8-16.9 37.8-37.8 0-6.7-1.8-13.3-5.1-19L421 321.7c-19-32.6-29-69.6-29-107.3l0-14.5c0-84.6-62.6-154.7-144-166.3l0-9.7c0-13.3-10.7-24-24-24zM392.4 368l-336.9 0 12.9-22.1C91.7 306 104 260.6 104 214.5l0-14.5c0-66.3 53.7-120 120-120s120 53.7 120 120l0 14.5c0 46.2 12.3 91.5 35.5 131.4L392.4 368zM156.1 464c9.9 28 36.6 48 67.9 48s58-20 67.9-48l-135.8 0z\"/></svg>    </button>\\n\n<div id=\"notificationDropdown\" class=\"noti-dropdown hidden\" aria-labelledby=\"notificationDropdownButton\">\\n\n    <div class=\"noti-dropdown-header\">Notifications</div>\\n\n\\n\n            <p class=\"noti-empty\">No unread notifications</p>\\n\n    </div>\\n\n\\n\n                    </li>\\n\n\\n\n                    <li>\\n\n                        <div class=\"desktop-action\">\\n\n    <button\\n\n        type=\"button\"\\n\n        class=\"account-button\"\\n\n        id=\"desktopAccountMenuButton\"\\n\n        data-dropdown-toggle=\"desktopAccountMenu\"\\n\n        data-dropdown-placement=\"bottom-end\"\\n\n        aria-label=\"Account menu\"\\n\n        aria-expanded=\"false\"\\n\n    >\\n\n                    <svg class=\"icon\" fill=\"currentColor\" xmlns=\"http://www.w3.org/2000/svg\" viewBox=\"0 0 448 512\"><!--! Font Awesome Free 7.2.0 by @fontawesome - https://fontawesome.com License - https://fontawesome.com/license/free (Icons: CC BY 4.0, Fonts: SIL OFL 1.1, Code: MIT License) Copyright 2026 Fonticons, Inc. --><path fill=\"currentColor\" d=\"M144 128a80 80 0 1 1 160 0 80 80 0 1 1 -160 0zm208 0a128 128 0 1 0 -256 0 128 128 0 1 0 256 0zM48 480c0-70.7 57.3-128 128-128l96 0c70.7 0 128 57.3 128 128l0 8c0 13.3 10.7 24 24 24s24-10.7 24-24l0-8c0-97.2-78.8-176-176-176l-96 0C78.8 304 0 382.8 0 480l0 8c0 13.3 10.7 24 24 24s24-10.7 24-24l0-8z\"/></svg>                <span class=\"account-text\">\\n\n            <span class=\"verified-label\">\\n\n                Verified <svg style=\"color: var(--accent-color);\" class=\"inline-block size-3\" fill=\"currentColor\" xmlns=\"http://www.w3.org/2000/svg\" viewBox=\"0 0 512 512\"><!--! Font Awesome Free 7.2.0 by @fontawesome - https://fontawesome.com License - https://fontawesome.com/license/free (Icons: CC BY 4.0, Fonts: SIL OFL 1.1, Code: MIT License) Copyright 2026 Fonticons, Inc. --><path fill=\"currentColor\" d=\"M256 512a256 256 0 1 1 0-512 256 256 0 1 1 0 512zM374 145.7c-10.7-7.8-25.7-5.4-33.5 5.3L221.1 315.2 169 263.1c-9.4-9.4-24.6-9.4-33.9 0s-9.4 24.6 0 33.9l72 72c5 5 11.8 7.5 18.8 7s13.4-4.1 17.5-9.8L379.3 179.2c7.8-10.7 5.4-25.7-5.3-33.5z\"/></svg>            </span>\\n\n            <span class=\"account-name\">Charlotte Mraz</span>\\n\n        </span>\\n\n    </button>\\n\n\\n\n    <div id=\"desktopAccountMenu\" class=\"account-menu-dropdown hidden\" aria-labelledby=\"desktopAccountMenuButton\">\\n\n        <ul class=\"account-menu-list\">\\n\n                                            <li>\\n\n                    <a\\n\n                        href=\"http://127.0.0.1:8000/profile\"\\n\n                        class=\"account-menu-link\"\\n\n                                            >View Profile</a>\\n\n                </li>\\n\n                                            <li>\\n\n                    <a\\n\n                        href=\"http://127.0.0.1:8000/menu/saved-post\"\\n\n                        class=\"account-menu-link\"\\n\n                                            >Saved Post</a>\\n\n                </li>\\n\n                    </ul>\\n\n\\n\n        \\n\n        <div class=\"account-menu-section\">\\n\n            <p class=\"account-menu-heading\">Setting</p>\\n\n            <ul class=\"account-menu-list\">\\n\n                                    <li>\\n\n                                                <a\\n\n                            href=\"http://127.0.0.1:8000/menu/edit-profile\"\\n\n                            class=\"account-menu-link\"\\n\n                                                    >Edit Profile</a>\\n\n                    </li>\\n\n                                    <li>\\n\n                                                <a\\n\n                            href=\"http://127.0.0.1:8000/menu/appearance\"\\n\n                            class=\"account-menu-link\"\\n\n                                                    >Appearance</a>\\n\n                    </li>\\n\n                                    <li>\\n\n                                                <a\\n\n                            href=\"http://127.0.0.1:8000/menu/edit-tag\"\\n\n                            class=\"account-menu-link\"\\n\n                                                    >Edit Tag</a>\\n\n                    </li>\\n\n                                    <li>\\n\n                                                <a\\n\n                            href=\"http://127.0.0.1:8000/menu/security\"\\n\n                            class=\"account-menu-link\"\\n\n                                                    >Security</a>\\n\n                    </li>\\n\n                            </ul>\\n\n        </div>\\n\n\\n\n        <form method=\"POST\" action=\"http://127.0.0.1:8000/logout\" class=\"account-menu-logout\">\\n\n            <input type=\"hidden\" name=\"_token\" value=\"ZCw5t2pMBrVGtoMV3XfGRmyHvWGNFLXUn404Lrlz\" autocomplete=\"off\">            <button type=\"submit\" class=\"account-menu-link account-menu-action\">Logout</button>\\n\n        </form>\\n\n    </div>\\n\n</div>\\n\n\\n\n                    </li>\\n\n                                           </ul>\\n\n        </div>\\n\n    </div>\\n\n\\n\n\\n\n</nav>\\n\n\\n\n\\n\n    <div class=\"home-page page-layout\">\\n\n        \\n\n        <button class=\"menu-icon\" id=\"sidebarToggle\" type=\"button\" aria-controls=\"sidebar\" aria-expanded=\"false\" aria-label=\"Open sidebar\">\\n\n    <svg aria-hidden=\"true\" fill=\"currentColor\" xmlns=\"http://www.w3.org/2000/svg\" viewBox=\"0 0 448 512\"><!--! Font Awesome Free 7.2.0 by @fontawesome - https://fontawesome.com License - https://fontawesome.com/license/free (Icons: CC BY 4.0, Fonts: SIL OFL 1.1, Code: MIT License) Copyright 2026 Fonticons, Inc. --><path fill=\"currentColor\" d=\"M0 96C0 78.3 14.3 64 32 64l384 0c17.7 0 32 14.3 32 32s-14.3 32-32 32L32 128C14.3 128 0 113.7 0 96zM0 256c0-17.7 14.3-32 32-32l384 0c17.7 0 32 14.3 32 32s-14.3 32-32 32L32 288c-17.7 0-32-14.3-32-32zM448 416c0 17.7-14.3 32-32 32L32 448c-17.7 0-32-14.3-32-32s14.3-32 32-32l384 0c17.7 0 32 14.3 32 32z\"/></svg></button>\\n\n\\n\n<aside\\n\n    id=\"sidebar\"\\n\n    data-menu-bar-location=\"left\"\\n\n    data-dropdown-aside=\"false\"\\n\n    class=\"sidebar home-aside home-aside--left\"\\n\n>\\n\n    <div class=\"sidebar-header\">\\n\n        <h2>Filters</h2>\\n\n                    <p>Refine websites by rating, category, and tags.</p>\\n\n            </div>\\n\n\\n\n    <div class=\"sidebar-section home-aside-dropdown\">\\n\n        <div class=\"section-header\" id=\"ratingHeader\">\\n\n            <div class=\"section-left\">\\n\n                <svg aria-hidden=\"true\" class=\"section-icon\" fill=\"currentColor\" xmlns=\"http://www.w3.org/2000/svg\" viewBox=\"0 0 576 512\"><!--! Font Awesome Free 7.2.0 by @fontawesome - https://fontawesome.com License - https://fontawesome.com/license/free (Icons: CC BY 4.0, Fonts: SIL OFL 1.1, Code: MIT License) Copyright 2026 Fonticons, Inc. --><path fill=\"currentColor\" d=\"M309.5-18.9c-4.1-8-12.4-13.1-21.4-13.1s-17.3 5.1-21.4 13.1L193.1 125.3 33.2 150.7c-8.9 1.4-16.3 7.7-19.1 16.3s-.5 18 5.8 24.4l114.4 114.5-25.2 159.9c-1.4 8.9 2.3 17.9 9.6 23.2s16.9 6.1 25 2L288.1 417.6 432.4 491c8 4.1 17.7 3.3 25-2s11-14.2 9.6-23.2L441.7 305.9 556.1 191.4c6.4-6.4 8.6-15.8 5.8-24.4s-10.1-14.9-19.1-16.3L383 125.3 309.5-18.9z\"/></svg>                <h3>Rating</h3>\\n\n            </div>\\n\n            <svg aria-hidden=\"true\" class=\"arrow-icon\" fill=\"currentColor\" xmlns=\"http://www.w3.org/2000/svg\" viewBox=\"0 0 448 512\"><!--! Font Awesome Free 7.2.0 by @fontawesome - https://fontawesome.com License - https://fontawesome.com/license/free (Icons: CC BY 4.0, Fonts: SIL OFL 1.1, Code: MIT License) Copyright 2026 Fonticons, Inc. --><path fill=\"currentColor\" d=\"M201.4 406.6c12.5 12.5 32.8 12.5 45.3 0l192-192c12.5-12.5 12.5-32.8 0-45.3s-32.8-12.5-45.3 0L224 338.7 54.6 169.4c-12.5-12.5-32.8-12.5-45.3 0s-12.5 32.8 0 45.3l192 192z\"/></svg>        </div>\\n\n\\n\n        <div class=\"section-content\" id=\"ratingContent\">\\n\n            <div class=\"rating-options\">\\n\n                <label class=\"rating-check\"><input type=\"checkbox\" value=\"all\"><span>All</span></label>\\n\n                                    <label class=\"rating-check\"><input type=\"checkbox\" value=\"5\"><span>5+ Rating</span></label>\\n\n                                    <label class=\"rating-check\"><input type=\"checkbox\" value=\"4\"><span>4+ Rating</span></label>\\n\n                                    <label class=\"rating-check\"><input type=\"checkbox\" value=\"3\"><span>3+ Rating</span></label>\\n\n                                    <label class=\"rating-check\"><input type=\"checkbox\" value=\"2\"><span>2+ Rating</span></label>\\n\n                                    <label class=\"rating-check\"><input type=\"checkbox\" value=\"1\"><span>1+ Rating</span></label>\\n\n                            </div>\\n\n        </div>\\n\n    </div>\\n\n\\n\n    <div class=\"sidebar-section home-aside-dropdown\">\\n\n        <div class=\"section-header\" id=\"categoryHeader\">\\n\n            <div class=\"section-left\">\\n\n                <svg aria-hidden=\"true\" class=\"section-icon\" fill=\"currentColor\" xmlns=\"http://www.w3.org/2000/svg\" viewBox=\"0 0 512 512\"><!--! Font Awesome Free 7.2.0 by @fontawesome - https://fontawesome.com License - https://fontawesome.com/license/free (Icons: CC BY 4.0, Fonts: SIL OFL 1.1, Code: MIT License) Copyright 2026 Fonticons, Inc. --><path fill=\"currentColor\" d=\"M232.5 5.2c14.9-6.9 32.1-6.9 47 0l218.6 101c8.5 3.9 13.9 12.4 13.9 21.8s-5.4 17.9-13.9 21.8l-218.6 101c-14.9 6.9-32.1 6.9-47 0L13.9 149.8C5.4 145.8 0 137.3 0 128s5.4-17.9 13.9-21.8L232.5 5.2zM48.1 218.4l164.3 75.9c27.7 12.8 59.6 12.8 87.3 0l164.3-75.9 34.1 15.8c8.5 3.9 13.9 12.4 13.9 21.8s-5.4 17.9-13.9 21.8l-218.6 101c-14.9 6.9-32.1 6.9-47 0L13.9 277.8C5.4 273.8 0 265.3 0 256s5.4-17.9 13.9-21.8l34.1-15.8zM13.9 362.2l34.1-15.8 164.3 75.9c27.7 12.8 59.6 12.8 87.3 0l164.3-75.9 34.1 15.8c8.5 3.9 13.9 12.4 13.9 21.8s-5.4 17.9-13.9 21.8l-218.6 101c-14.9 6.9-32.1 6.9-47 0L13.9 405.8C5.4 401.8 0 393.3 0 384s5.4-17.9 13.9-21.8z\"/></svg>                <h3>Categories</h3>\\n\n            </div>\\n\n            <svg aria-hidden=\"true\" class=\"arrow-icon\" fill=\"currentColor\" xmlns=\"http://www.w3.org/2000/svg\" viewBox=\"0 0 448 512\"><!--! Font Awesome Free 7.2.0 by @fontawesome - https://fontawesome.com License - https://fontawesome.com/license/free (Icons: CC BY 4.0, Fonts: SIL OFL 1.1, Code: MIT License) Copyright 2026 Fonticons, Inc. --><path fill=\"currentColor\" d=\"M201.4 406.6c12.5 12.5 32.8 12.5 45.3 0l192-192c12.5-12.5 12.5-32.8 0-45.3s-32.8-12.5-45.3 0L224 338.7 54.6 169.4c-12.5-12.5-32.8-12.5-45.3 0s-12.5 32.8 0 45.3l192 192z\"/></svg>        </div>\\n\n\\n\n        <div class=\"section-content\" id=\"categoryContent\">\\n\n            <div class=\"category-search-box\">\\n\n                <svg aria-hidden=\"true\" class=\"search-icon\" fill=\"currentColor\" xmlns=\"http://www.w3.org/2000/svg\" viewBox=\"0 0 512 512\"><!--! Font Awesome Free 7.2.0 by @fontawesome - https://fontawesome.com License - https://fontawesome.com/license/free (Icons: CC BY 4.0, Fonts: SIL OFL 1.1, Code: MIT License) Copyright 2026 Fonticons, Inc. --><path fill=\"currentColor\" d=\"M416 208c0 45.9-14.9 88.3-40 122.7L502.6 457.4c12.5 12.5 12.5 32.8 0 45.3s-32.8 12.5-45.3 0L330.7 376C296.3 401.1 253.9 416 208 416 93.1 416 0 322.9 0 208S93.1 0 208 0 416 93.1 416 208zM208 352a144 144 0 1 0 0-288 144 144 0 1 0 0 288z\"/></svg>                <input type=\"text\" id=\"categorySearch\" placeholder=\"Search categories...\">\\n\n            </div>\\n\n\\n\n            <label class=\"category-check\" data-filter-component=\"category\">\\n\n                <input type=\"checkbox\" value=\"All\">\\n\n                <span>All</span>\\n\n            </label>\\n\n\\n\n            \\n\n            <div class=\"extra-categories\" id=\"extraCategories\">\\n\n                            </div>\\n\n\\n\n                    </div>\\n\n    </div>\\n\n\\n\n    <div class=\"sidebar-section home-aside-dropdown\">\\n\n        <div class=\"section-header\" id=\"tagsHeader\">\\n\n            <div class=\"section-left\">\\n\n                <svg aria-hidden=\"true\" class=\"section-icon\" fill=\"currentColor\" xmlns=\"http://www.w3.org/2000/svg\" viewBox=\"0 0 576 512\"><!--! Font Awesome Free 7.2.0 by @fontawesome - https://fontawesome.com License - https://fontawesome.com/license/free (Icons: CC BY 4.0, Fonts: SIL OFL 1.1, Code: MIT License) Copyright 2026 Fonticons, Inc. --><path fill=\"currentColor\" d=\"M401.2 39.1L549.4 189.4c27.7 28.1 27.7 73.1 0 101.2L393 448.9c-9.3 9.4-24.5 9.5-33.9 .2s-9.5-24.5-.2-33.9L515.3 256.8c9.2-9.3 9.2-24.4 0-33.7L367 72.9c-9.3-9.4-9.2-24.6 .2-33.9s24.6-9.2 33.9 .2zM32.1 229.5L32.1 96c0-35.3 28.7-64 64-64l133.5 0c17 0 33.3 6.7 45.3 18.7l144 144c25 25 25 65.5 0 90.5L285.4 418.7c-25 25-65.5 25-90.5 0l-144-144c-12-12-18.7-28.3-18.7-45.3zm144-85.5a32 32 0 1 0 -64 0 32 32 0 1 0 64 0z\"/></svg>                <h3>Tags</h3>\\n\n            </div>\\n\n            <svg aria-hidden=\"true\" class=\"arrow-icon\" fill=\"currentColor\" xmlns=\"http://www.w3.org/2000/svg\" viewBox=\"0 0 448 512\"><!--! Font Awesome Free 7.2.0 by @fontawesome - https://fontawesome.com License - https://fontawesome.com/license/free (Icons: CC BY 4.0, Fonts: SIL OFL 1.1, Code: MIT License) Copyright 2026 Fonticons, Inc. --><path fill=\"currentColor\" d=\"M201.4 406.6c12.5 12.5 32.8 12.5 45.3 0l192-192c12.5-12.5 12.5-32.8 0-45.3s-32.8-12.5-45.3 0L224 338.7 54.6 169.4c-12.5-12.5-32.8-12.5-45.3 0s-12.5 32.8 0 45.3l192 192z\"/></svg>        </div>\\n\n\\n\n        <div class=\"section-content\" id=\"tagsContent\">\\n\n            <div class=\"tag-tools\">\\n\n                <div class=\"tag-search-box\">\\n\n                    <svg aria-hidden=\"true\" class=\"search-icon\" fill=\"currentColor\" xmlns=\"http://www.w3.org/2000/svg\" viewBox=\"0 0 512 512\"><!--! Font Awesome Free 7.2.0 by @fontawesome - https://fontawesome.com License - https://fontawesome.com/license/free (Icons: CC BY 4.0, Fonts: SIL OFL 1.1, Code: MIT License) Copyright 2026 Fonticons, Inc. --><path fill=\"currentColor\" d=\"M416 208c0 45.9-14.9 88.3-40 122.7L502.6 457.4c12.5 12.5 12.5 32.8 0 45.3s-32.8 12.5-45.3 0L330.7 376C296.3 401.1 253.9 416 208 416 93.1 416 0 322.9 0 208S93.1 0 208 0 416 93.1 416 208zM208 352a144 144 0 1 0 0-288 144 144 0 1 0 0 288z\"/></svg>                    <input type=\"text\" id=\"tagSearch\" placeholder=\"Search tags...\">\\n\n                </div>\\n\n            </div>\\n\n\\n\n            <div class=\"tags-container\" id=\"tagsContainer\"></div>\\n\n            <template id=\"tagFilterTemplate\">\\n\n                <label class=\"tag-check\" data-filter-component=\"tag\">\\n\n                    <input type=\"checkbox\" value=\"tag\">\\n\n                    <span>Tag</span>\\n\n                </label>\\n\n            </template>\\n\n            <button class=\"show-tags-btn\" id=\"showTagsBtn\" type=\"button\">Show More Tags</button>\\n\n        </div>\\n\n    </div>\\n\n</aside>\\n\n\\n\n        <main class=\"main-content\">\\n\n            <section class=\"content-intro\" aria-labelledby=\"contentTitle\">\\n\n                <div>\\n\n                    <h1 id=\"contentTitle\">Discover Useful Websites</h1>\\n\n                    <p>Browse reviewed websites and narrow your results with simple, clear filters.</p>\\n\n                </div>\\n\n            </section>\\n\n\\n\n            <header class=\"hero\">\\n\n                <div class=\"active-filters-wrapper\">\\n\n                    <div class=\"active-filters-heading\">\\n\n                        <div class=\"active-filters-title\">\\n\n                            <span>Selected Filters</span>\\n\n                        </div>\\n\n\\n\n                        <button class=\"clear-all-filters\" id=\"clearAllFilters\" type=\"button\">Clear All Filters</button>\\n\n                    </div>\\n\n\\n\n                    <div class=\"active-filter-grid\" aria-live=\"polite\">\\n\n                        <div class=\"filter-section\">\\n\n                            <div class=\"filter-title\">\\n\n                                <svg aria-hidden=\"true\" class=\"filter-icon\" fill=\"currentColor\" xmlns=\"http://www.w3.org/2000/svg\" viewBox=\"0 0 576 512\"><!--! Font Awesome Free 7.2.0 by @fontawesome - https://fontawesome.com License - https://fontawesome.com/license/free (Icons: CC BY 4.0, Fonts: SIL OFL 1.1, Code: MIT License) Copyright 2026 Fonticons, Inc. --><path fill=\"currentColor\" d=\"M309.5-18.9c-4.1-8-12.4-13.1-21.4-13.1s-17.3 5.1-21.4 13.1L193.1 125.3 33.2 150.7c-8.9 1.4-16.3 7.7-19.1 16.3s-.5 18 5.8 24.4l114.4 114.5-25.2 159.9c-1.4 8.9 2.3 17.9 9.6 23.2s16.9 6.1 25 2L288.1 417.6 432.4 491c8 4.1 17.7 3.3 25-2s11-14.2 9.6-23.2L441.7 305.9 556.1 191.4c6.4-6.4 8.6-15.8 5.8-24.4s-10.1-14.9-19.1-16.3L383 125.3 309.5-18.9z\"/></svg>                                <h3>Rating</h3>\\n\n                            </div>\\n\n                            <div class=\"filter-items\" id=\"selectedRatings\"></div>\\n\n                        </div>\\n\n\\n\n                        <div class=\"filter-section\">\\n\n                            <div class=\"filter-title\">\\n\n                                <svg aria-hidden=\"true\" class=\"filter-icon\" fill=\"currentColor\" xmlns=\"http://www.w3.org/2000/svg\" viewBox=\"0 0 512 512\"><!--! Font Awesome Free 7.2.0 by @fontawesome - https://fontawesome.com License - https://fontawesome.com/license/free (Icons: CC BY 4.0, Fonts: SIL OFL 1.1, Code: MIT License) Copyright 2026 Fonticons, Inc. --><path fill=\"currentColor\" d=\"M232.5 5.2c14.9-6.9 32.1-6.9 47 0l218.6 101c8.5 3.9 13.9 12.4 13.9 21.8s-5.4 17.9-13.9 21.8l-218.6 101c-14.9 6.9-32.1 6.9-47 0L13.9 149.8C5.4 145.8 0 137.3 0 128s5.4-17.9 13.9-21.8L232.5 5.2zM48.1 218.4l164.3 75.9c27.7 12.8 59.6 12.8 87.3 0l164.3-75.9 34.1 15.8c8.5 3.9 13.9 12.4 13.9 21.8s-5.4 17.9-13.9 21.8l-218.6 101c-14.9 6.9-32.1 6.9-47 0L13.9 277.8C5.4 273.8 0 265.3 0 256s5.4-17.9 13.9-21.8l34.1-15.8zM13.9 362.2l34.1-15.8 164.3 75.9c27.7 12.8 59.6 12.8 87.3 0l164.3-75.9 34.1 15.8c8.5 3.9 13.9 12.4 13.9 21.8s-5.4 17.9-13.9 21.8l-218.6 101c-14.9 6.9-32.1 6.9-47 0L13.9 405.8C5.4 401.8 0 393.3 0 384s5.4-17.9 13.9-21.8z\"/></svg>                                <h3>Categories</h3>\\n\n                            </div>\\n\n                            <div class=\"filter-items\" id=\"selectedCategories\"></div>\\n\n                        </div>\\n\n\\n\n                        <div class=\"filter-section\">\\n\n                            <div class=\"filter-title\">\\n\n                                <svg aria-hidden=\"true\" class=\"filter-icon\" fill=\"currentColor\" xmlns=\"http://www.w3.org/2000/svg\" viewBox=\"0 0 576 512\"><!--! Font Awesome Free 7.2.0 by @fontawesome - https://fontawesome.com License - https://fontawesome.com/license/free (Icons: CC BY 4.0, Fonts: SIL OFL 1.1, Code: MIT License) Copyright 2026 Fonticons, Inc. --><path fill=\"currentColor\" d=\"M401.2 39.1L549.4 189.4c27.7 28.1 27.7 73.1 0 101.2L393 448.9c-9.3 9.4-24.5 9.5-33.9 .2s-9.5-24.5-.2-33.9L515.3 256.8c9.2-9.3 9.2-24.4 0-33.7L367 72.9c-9.3-9.4-9.2-24.6 .2-33.9s24.6-9.2 33.9 .2zM32.1 229.5L32.1 96c0-35.3 28.7-64 64-64l133.5 0c17 0 33.3 6.7 45.3 18.7l144 144c25 25 25 65.5 0 90.5L285.4 418.7c-25 25-65.5 25-90.5 0l-144-144c-12-12-18.7-28.3-18.7-45.3zm144-85.5a32 32 0 1 0 -64 0 32 32 0 1 0 64 0z\"/></svg>                                <h3>Tags</h3>\\n\n                            </div>\\n\n                            <div class=\"filter-items\" id=\"selectedTags\"></div>\\n\n                        </div>\\n\n                    </div>\\n\n                </div>\\n\n            </header>\\n\n\\n\n            <div class=\"results-toolbar\">\\n\n                <p><strong id=\"resultsCount\">1</strong> websites found</p>\\n\n                <label class=\"sort-control\" for=\"sortSelect\">\\n\n                    <select id=\"sortSelect\" aria-label=\"Sort websites\">\\n\n                        <option value=\"best\">Best match</option>\\n\n                        <option value=\"rating\">Highest rating</option>\\n\n                        <option value=\"newest\">Newest</option>\\n\n                    </select>\\n\n                </label>\\n\n            </div>\\n\n\\n\n            <section class=\"reviews-grid\" id=\"reviewsGrid\">\\n\n                                    <article\\n\n    class=\"review-card w-full max-w-md overflow-hidden rounded-[20px] border [border-color:color-mix(in_srgb,var(--accent-color,#6c5ce7)_24%,var(--background-color,#ffffff))] [background:var(--background-color,#ffffff)] [color:var(--text-color,#0d1b2a)] [box-shadow:0_18px_50px_color-mix(in_srgb,var(--accent-color,#6c5ce7)_14%,transparent)]\" data-category=\"uncategorized\" data-rating=\"0\" data-tags=\"\"\\n\n    x-data=\"{\\n\n        profiles: JSON.parse('[{\\u0022username\\u0022:\\u0022visible_reviewer\\u0022,\\u0022initial\\u0022:\\u0022V\\u0022,\\u0022time\\u0022:\\u0022Published 0 seconds ago\\u0022,\\u0022description\\u0022:\\u0022Visible reviewer description.\\u0022,\\u0022avatar\\u0022:\\u0022\\u0022},{\\u0022username\\u0022:\\u0022Anonymous\\u0022,\\u0022initial\\u0022:\\u0022?\\u0022,\\u0022time\\u0022:\\u0022Published 0 seconds ago\\u0022,\\u0022description\\u0022:\\u0022Hidden reviewer description.\\u0022,\\u0022avatar\\u0022:\\u0022\\u0022}]'),\\n\n        activeProfile: 0,\\n\n        saved: false,\\n\n        actionsOpen: false,\\n\n        reportOpen: false,\\n\n        reportReason: '',\\n\n        reportDetails: '',\\n\n        reviewOpen: false,\\n\n        selectedRating: 0,\\n\n        configuredAverageRating: 0,\\n\n        configuredRatingsCount: 0,\\n\n        configuredCommentsCount: 0,\\n\n        get currentProfile() {\\n\n            return this.profiles[this.activeProfile] || this.profiles[0] || {\\n\n                username: '',\\n\n                initial: '?',\\n\n                time: '',\\n\n                description: '',\\n\n                avatar: ''\\n\n            };\\n\n        },\\n\n        averageRating() {\\n\n            return Number(this.configuredAverageRating || 0).toFixed(1);\\n\n        },\\n\n        ratingsTotal() {\\n\n            return this.configuredRatingsCount;\\n\n        },\\n\n        commentsTotal() {\\n\n            return this.configuredCommentsCount;\\n\n        },\\n\n        switchProfile(index) {\\n\n            this.activeProfile = index;\\n\n        },\\n\n        scrollProfiles(direction) {\\n\n            this.$refs.profileTabs?.scrollBy({\\n\n                left: direction * 120,\\n\n                behavior: 'smooth'\\n\n            });\\n\n        },\\n\n        scrollTags(direction) {\\n\n            this.$refs.tagScroller?.scrollBy({\\n\n                left: direction * 120,\\n\n                behavior: 'smooth'\\n\n            });\\n\n        },\\n\n        setRating(rating) {\\n\n            this.selectedRating = rating;\\n\n        },\\n\n        openReportModal() {\\n\n            this.actionsOpen = false;\\n\n            this.reportOpen = true;\\n\n        },\\n\n        closeReportModal() {\\n\n            this.reportOpen = false;\\n\n        },\\n\n        reportDetailsCount() {\\n\n            return this.reportDetails.length;\\n\n        }\\n\n    }\" x-on:click.outside=\"if (! reportOpen) { reviewOpen = false; actionsOpen = false }\">\\n\n    <header class=\"space-y-3 px-4 pb-3 pt-4 sm:px-5\">\\n\n        <div class=\"flex items-start justify-between gap-3\">\\n\n            <div class=\"min-w-0 flex-1\">\\n\n                <h2 class=\"line-clamp-2 min-h-10 max-h-10 overflow-hidden break-words text-base font-extrabold leading-5 tracking-normal [color:var(--text-color,#0d1b2a)]\"\\n\n                    title=\"Mixed Visibility Post\" data-post-card-title>\\n\n                                            <a href=\"http://127.0.0.1:8000/posts/aut-qui-neque-quia-dignissimos-10328\" class=\"hover:underline hover:[color:var(--accent-color)] transition-colors\">\\n\n                            Mixed Visibility Post\\n\n                        </a>\\n\n                                    </h2>\\n\n            </div>\\n\n\\n\n            <div class=\"relative shrink-0\">\\n\n                <button type=\"button\"\\n\n                    class=\"flex size-8 shrink-0 items-center justify-center [color:color-mix(in_srgb,var(--text-color,#0d1b2a)_62%,transparent)] transition-all hover:[background:color-mix(in_srgb,var(--background-color,#ffffff)_84%,var(--accent-color,#6c5ce7)_16%)] hover:[color:var(--accent-color,#6c5ce7)]\"\\n\n                    aria-label=\"Post actions\" aria-haspopup=\"menu\" x-on:click.stop=\"actionsOpen = ! actionsOpen\"\\n\n                    x-on:keydown.escape.window=\"actionsOpen = false\" x-bind:aria-expanded=\"actionsOpen.toString()\"\\n\n                    data-post-card-actions-button>\\n\n                    <svg aria-hidden=\"true\" class=\"size-4\" fill=\"currentColor\" xmlns=\"http://www.w3.org/2000/svg\" viewBox=\"0 0 448 512\"><!--! Font Awesome Free 7.2.0 by @fontawesome - https://fontawesome.com License - https://fontawesome.com/license/free (Icons: CC BY 4.0, Fonts: SIL OFL 1.1, Code: MIT License) Copyright 2026 Fonticons, Inc. --><path fill=\"currentColor\" d=\"M0 256a56 56 0 1 1 112 0 56 56 0 1 1 -112 0zm168 0a56 56 0 1 1 112 0 56 56 0 1 1 -112 0zm224-56a56 56 0 1 1 0 112 56 56 0 1 1 0-112z\"/></svg>                </button>\\n\n\\n\n                <div x-cloak x-show=\"actionsOpen\" x-transition:enter=\"transition ease-out duration-200 origin-top-right\"\\n\n                    x-transition:enter-start=\"opacity-0 -translate-y-1 scale-95\"\\n\n                    x-transition:enter-end=\"opacity-100 translate-y-0 scale-100\"\\n\n                    x-transition:leave=\"transition ease-in duration-150 origin-top-right\"\\n\n                    x-transition:leave-start=\"opacity-100 translate-y-0 scale-100\"\\n\n                    x-transition:leave-end=\"opacity-0 -translate-y-1 scale-95\"\\n\n                    class=\"absolute right-0 top-10 z-20 w-40 overflow-hidden rounded-lg border p-2 text-sm font-bold [border-color:color-mix(in_srgb,var(--accent-color,#6c5ce7)_20%,var(--background-color,#ffffff))] [background:var(--background-color,#ffffff)] [box-shadow:0_16px_36px_color-mix(in_srgb,var(--text-color,#0d1b2a)_18%,transparent)]\"\\n\n                    role=\"menu\" data-post-card-actions-menu>\\n\n                                                                        <form method=\"POST\" action=\"http://127.0.0.1:8000/posts/1/bookmark\">\\n\n                                <input type=\"hidden\" name=\"_token\" value=\"ZCw5t2pMBrVGtoMV3XfGRmyHvWGNFLXUn404Lrlz\" autocomplete=\"off\">                                <button type=\"submit\"\\n\n                                    class=\"flex min-h-9 w-full items-center gap-2 rounded-lg px-2.5 py-1.5 text-left transition-all duration-[180ms] [color:color-mix(in_srgb,var(--text-color,#0d1b2a)_78%,transparent)] hover:translate-x-0.5 hover:[background:color-mix(in_srgb,var(--accent-color,#6c5ce7)_12%,transparent)] hover:[color:var(--accent-color,#6c5ce7)] focus:outline-none focus-visible:translate-x-0.5 focus-visible:ring-2 focus-visible:[--tw-ring-color:color-mix(in_srgb,var(--accent-color,#6c5ce7)_35%,transparent)]\"\\n\n                                    role=\"menuitem\" data-post-card-action=\"bookmark\">\\n\n                                    <svg x-show=\"saved\" class=\"size-3 [color:var(--accent-color,#6c5ce7)]\" fill=\"currentColor\" xmlns=\"http://www.w3.org/2000/svg\" viewBox=\"0 0 384 512\"><!--! Font Awesome Free 7.2.0 by @fontawesome - https://fontawesome.com License - https://fontawesome.com/license/free (Icons: CC BY 4.0, Fonts: SIL OFL 1.1, Code: MIT License) Copyright 2026 Fonticons, Inc. --><path fill=\"currentColor\" d=\"M64 0C28.7 0 0 28.7 0 64L0 480c0 11.5 6.2 22.2 16.2 27.8s22.3 5.5 32.2-.4L192 421.3 335.5 507.4c9.9 5.9 22.2 6.1 32.2 .4S384 491.5 384 480l0-416c0-35.3-28.7-64-64-64L64 0z\"/></svg>                                    <svg x-show=\"! saved\" class=\"size-3\" fill=\"currentColor\" xmlns=\"http://www.w3.org/2000/svg\" viewBox=\"0 0 384 512\"><!--! Font Awesome Free 7.2.0 by @fontawesome - https://fontawesome.com License - https://fontawesome.com/license/free (Icons: CC BY 4.0, Fonts: SIL OFL 1.1, Code: MIT License) Copyright 2026 Fonticons, Inc. --><path fill=\"currentColor\" d=\"M0 64C0 28.7 28.7 0 64 0L320 0c35.3 0 64 28.7 64 64l0 417.1c0 25.6-28.5 40.8-49.8 26.6L192 412.8 49.8 507.7C28.5 521.9 0 506.6 0 481.1L0 64zM64 48c-8.8 0-16 7.2-16 16l0 387.2 117.4-78.2c16.1-10.7 37.1-10.7 53.2 0L336 451.2 336 64c0-8.8-7.2-16-16-16L64 48z\"/></svg>                                    <span\\n\n                                        x-text=\"saved ? 'Unsave Post' : 'Save Post'\">Save Post</span>\\n\n                                </button>\\n\n                            </form>\\n\n\\n\n                            <div\\n\n                                class=\"mt-1 border-t pt-1 [border-color:color-mix(in_srgb,var(--text-color,#0d1b2a)_10%,transparent)]\">\\n\n                                <button type=\"button\"\\n\n                                    class=\"flex min-h-9 w-full items-center gap-2 rounded-lg px-2.5 py-1.5 text-left transition-all duration-[180ms] [color:color-mix(in_srgb,var(--text-color,#0d1b2a)_78%,transparent)] hover:translate-x-0.5 hover:[background:color-mix(in_srgb,var(--accent-color,#6c5ce7)_12%,transparent)] hover:[color:var(--accent-color,#6c5ce7)] focus:outline-none focus-visible:translate-x-0.5 focus-visible:ring-2 focus-visible:[--tw-ring-color:color-mix(in_srgb,var(--accent-color,#6c5ce7)_35%,transparent)]\"\\n\n                                    role=\"menuitem\" data-post-card-action=\"report\" data-post-card-report-trigger\\n\n                                    x-on:click=\"openReportModal()\">\\n\n                                    <svg aria-hidden=\"true\" class=\"size-3\" fill=\"currentColor\" xmlns=\"http://www.w3.org/2000/svg\" viewBox=\"0 0 448 512\"><!--! Font Awesome Free 7.2.0 by @fontawesome - https://fontawesome.com License - https://fontawesome.com/license/free (Icons: CC BY 4.0, Fonts: SIL OFL 1.1, Code: MIT License) Copyright 2026 Fonticons, Inc. --><path fill=\"currentColor\" d=\"M48 24C48 10.7 37.3 0 24 0S0 10.7 0 24L0 488c0 13.3 10.7 24 24 24s24-10.7 24-24l0-100 80.3-20.1c41.1-10.3 84.6-5.5 122.5 13.4 44.2 22.1 95.5 24.8 141.7 7.4l34.7-13c12.5-4.7 20.8-16.6 20.8-30l0-279.7c0-23-24.2-38-44.8-27.7l-9.6 4.8c-46.3 23.2-100.8 23.2-147.1 0-35.1-17.6-75.4-22-113.5-12.5L48 52 48 24zm0 77.5l96.6-24.2c27-6.7 55.5-3.6 80.4 8.8 54.9 27.4 118.7 29.7 175 6.8l0 241.8-24.4 9.1c-33.7 12.6-71.2 10.7-103.4-5.4-48.2-24.1-103.3-30.1-155.6-17.1l-68.6 17.2 0-237z\"/></svg>                                    <span>Report</span>\\n\n                                </button>\\n\n                            </div>\\n\n\\n\n                                                                        \\n\n                                    </div>\\n\n            </div>\\n\n        </div>\\n\n\\n\n        \\n\n        <div\\n\n            class=\"inline-flex items-center gap-1.5 rounded-lg border px-2.5 py-1 [border-color:color-mix(in_srgb,var(--accent-color,#6c5ce7)_24%,var(--background-color,#ffffff))] [background:color-mix(in_srgb,var(--background-color,#ffffff)_88%,var(--accent-color,#6c5ce7)_12%)]\">\\n\n            <span class=\"text-[13px] font-extrabold leading-none [color:var(--accent-color,#6c5ce7)]\"\\n\n                x-text=\"averageRating()\">0.0</span>\\n\n            <div class=\"flex items-center gap-0.5 [color:var(--accent-color,#6c5ce7)]\">\\n\n                                    <svg x-bind:class=\"Number(averageRating()) >= 1 ? '[color:var(--accent-color,#6c5ce7)]' :\\n\n                            '[color:color-mix(in_srgb,var(--text-color,#0d1b2a)_24%,transparent)]'\" class=\"size-2.5\" fill=\"currentColor\" xmlns=\"http://www.w3.org/2000/svg\" viewBox=\"0 0 576 512\"><!--! Font Awesome Free 7.2.0 by @fontawesome - https://fontawesome.com License - https://fontawesome.com/license/free (Icons: CC BY 4.0, Fonts: SIL OFL 1.1, Code: MIT License) Copyright 2026 Fonticons, Inc. --><path fill=\"currentColor\" d=\"M309.5-18.9c-4.1-8-12.4-13.1-21.4-13.1s-17.3 5.1-21.4 13.1L193.1 125.3 33.2 150.7c-8.9 1.4-16.3 7.7-19.1 16.3s-.5 18 5.8 24.4l114.4 114.5-25.2 159.9c-1.4 8.9 2.3 17.9 9.6 23.2s16.9 6.1 25 2L288.1 417.6 432.4 491c8 4.1 17.7 3.3 25-2s11-14.2 9.6-23.2L441.7 305.9 556.1 191.4c6.4-6.4 8.6-15.8 5.8-24.4s-10.1-14.9-19.1-16.3L383 125.3 309.5-18.9z\"/></svg>                                    <svg x-bind:class=\"Number(averageRating()) >= 2 ? '[color:var(--accent-color,#6c5ce7)]' :\\n\n                            '[color:color-mix(in_srgb,var(--text-color,#0d1b2a)_24%,transparent)]'\" class=\"size-2.5\" fill=\"currentColor\" xmlns=\"http://www.w3.org/2000/svg\" viewBox=\"0 0 576 512\"><!--! Font Awesome Free 7.2.0 by @fontawesome - https://fontawesome.com License - https://fontawesome.com/license/free (Icons: CC BY 4.0, Fonts: SIL OFL 1.1, Code: MIT License) Copyright 2026 Fonticons, Inc. --><path fill=\"currentColor\" d=\"M309.5-18.9c-4.1-8-12.4-13.1-21.4-13.1s-17.3 5.1-21.4 13.1L193.1 125.3 33.2 150.7c-8.9 1.4-16.3 7.7-19.1 16.3s-.5 18 5.8 24.4l114.4 114.5-25.2 159.9c-1.4 8.9 2.3 17.9 9.6 23.2s16.9 6.1 25 2L288.1 417.6 432.4 491c8 4.1 17.7 3.3 25-2s11-14.2 9.6-23.2L441.7 305.9 556.1 191.4c6.4-6.4 8.6-15.8 5.8-24.4s-10.1-14.9-19.1-16.3L383 125.3 309.5-18.9z\"/></svg>                                    <svg x-bind:class=\"Number(averageRating()) >= 3 ? '[color:var(--accent-color,#6c5ce7)]' :\\n\n                            '[color:color-mix(in_srgb,var(--text-color,#0d1b2a)_24%,transparent)]'\" class=\"size-2.5\" fill=\"currentColor\" xmlns=\"http://www.w3.org/2000/svg\" viewBox=\"0 0 576 512\"><!--! Font Awesome Free 7.2.0 by @fontawesome - https://fontawesome.com License - https://fontawesome.com/license/free (Icons: CC BY 4.0, Fonts: SIL OFL 1.1, Code: MIT License) Copyright 2026 Fonticons, Inc. --><path fill=\"currentColor\" d=\"M309.5-18.9c-4.1-8-12.4-13.1-21.4-13.1s-17.3 5.1-21.4 13.1L193.1 125.3 33.2 150.7c-8.9 1.4-16.3 7.7-19.1 16.3s-.5 18 5.8 24.4l114.4 114.5-25.2 159.9c-1.4 8.9 2.3 17.9 9.6 23.2s16.9 6.1 25 2L288.1 417.6 432.4 491c8 4.1 17.7 3.3 25-2s11-14.2 9.6-23.2L441.7 305.9 556.1 191.4c6.4-6.4 8.6-15.8 5.8-24.4s-10.1-14.9-19.1-16.3L383 125.3 309.5-18.9z\"/></svg>                                    <svg x-bind:class=\"Number(averageRating()) >= 4 ? '[color:var(--accent-color,#6c5ce7)]' :\\n\n                            '[color:color-mix(in_srgb,var(--text-color,#0d1b2a)_24%,transparent)]'\" class=\"size-2.5\" fill=\"currentColor\" xmlns=\"http://www.w3.org/2000/svg\" viewBox=\"0 0 576 512\"><!--! Font Awesome Free 7.2.0 by @fontawesome - https://fontawesome.com License - https://fontawesome.com/license/free (Icons: CC BY 4.0, Fonts: SIL OFL 1.1, Code: MIT License) Copyright 2026 Fonticons, Inc. --><path fill=\"currentColor\" d=\"M309.5-18.9c-4.1-8-12.4-13.1-21.4-13.1s-17.3 5.1-21.4 13.1L193.1 125.3 33.2 150.7c-8.9 1.4-16.3 7.7-19.1 16.3s-.5 18 5.8 24.4l114.4 114.5-25.2 159.9c-1.4 8.9 2.3 17.9 9.6 23.2s16.9 6.1 25 2L288.1 417.6 432.4 491c8 4.1 17.7 3.3 25-2s11-14.2 9.6-23.2L441.7 305.9 556.1 191.4c6.4-6.4 8.6-15.8 5.8-24.4s-10.1-14.9-19.1-16.3L383 125.3 309.5-18.9z\"/></svg>                                    <svg x-bind:class=\"Number(averageRating()) >= 5 ? '[color:var(--accent-color,#6c5ce7)]' :\\n\n                            '[color:color-mix(in_srgb,var(--text-color,#0d1b2a)_24%,transparent)]'\" class=\"size-2.5\" fill=\"currentColor\" xmlns=\"http://www.w3.org/2000/svg\" viewBox=\"0 0 576 512\"><!--! Font Awesome Free 7.2.0 by @fontawesome - https://fontawesome.com License - https://fontawesome.com/license/free (Icons: CC BY 4.0, Fonts: SIL OFL 1.1, Code: MIT License) Copyright 2026 Fonticons, Inc. --><path fill=\"currentColor\" d=\"M309.5-18.9c-4.1-8-12.4-13.1-21.4-13.1s-17.3 5.1-21.4 13.1L193.1 125.3 33.2 150.7c-8.9 1.4-16.3 7.7-19.1 16.3s-.5 18 5.8 24.4l114.4 114.5-25.2 159.9c-1.4 8.9 2.3 17.9 9.6 23.2s16.9 6.1 25 2L288.1 417.6 432.4 491c8 4.1 17.7 3.3 25-2s11-14.2 9.6-23.2L441.7 305.9 556.1 191.4c6.4-6.4 8.6-15.8 5.8-24.4s-10.1-14.9-19.1-16.3L383 125.3 309.5-18.9z\"/></svg>                            </div>\\n\n            <span class=\"text-[10px] font-semibold [color:color-mix(in_srgb,var(--text-color,#0d1b2a)_58%,transparent)]\">(<span x-text=\"ratingsTotal()\">0</span> ratings)</span>\\n\n        </div>\\n\n\\n\n        \\n\n        <a href=\"https://mixed-visibility.test\" target=\"_blank\" rel=\"noopener noreferrer\"\\n\n            class=\"group flex items-center gap-2 rounded-xl border px-3 py-2 transition-all [border-color:color-mix(in_srgb,var(--accent-color,#6c5ce7)_22%,var(--background-color,#ffffff))] [background:color-mix(in_srgb,var(--background-color,#ffffff)_90%,var(--accent-color,#6c5ce7)_10%)] hover:[border-color:var(--accent-color,#6c5ce7)] hover:[background:color-mix(in_srgb,var(--background-color,#ffffff)_82%,var(--accent-color,#6c5ce7)_18%)]\"\\n\n            data-post-card-link>\\n\n            <span\\n\n                class=\"flex size-6 shrink-0 items-center justify-center rounded-lg [background:color-mix(in_srgb,var(--background-color,#ffffff)_78%,var(--accent-color,#6c5ce7)_22%)] [color:var(--accent-color,#6c5ce7)] shadow-sm\">\\n\n                <svg class=\"size-2.5\" fill=\"currentColor\" xmlns=\"http://www.w3.org/2000/svg\" viewBox=\"0 0 576 512\"><!--! Font Awesome Free 7.2.0 by @fontawesome - https://fontawesome.com License - https://fontawesome.com/license/free (Icons: CC BY 4.0, Fonts: SIL OFL 1.1, Code: MIT License) Copyright 2026 Fonticons, Inc. --><path fill=\"currentColor\" d=\"M419.5 96c-16.6 0-32.7 4.5-46.8 12.7-15.8-16-34.2-29.4-54.5-39.5 28.2-24 64.1-37.2 101.3-37.2 86.4 0 156.5 70 156.5 156.5 0 41.5-16.5 81.3-45.8 110.6l-71.1 71.1c-29.3 29.3-69.1 45.8-110.6 45.8-86.4 0-156.5-70-156.5-156.5 0-1.5 0-3 .1-4.5 .5-17.7 15.2-31.6 32.9-31.1s31.6 15.2 31.1 32.9c0 .9 0 1.8 0 2.6 0 51.1 41.4 92.5 92.5 92.5 24.5 0 48-9.7 65.4-27.1l71.1-71.1c17.3-17.3 27.1-40.9 27.1-65.4 0-51.1-41.4-92.5-92.5-92.5zM275.2 173.3c-1.9-.8-3.8-1.9-5.5-3.1-12.6-6.5-27-10.2-42.1-10.2-24.5 0-48 9.7-65.4 27.1L91.1 258.2c-17.3 17.3-27.1 40.9-27.1 65.4 0 51.1 41.4 92.5 92.5 92.5 16.5 0 32.6-4.4 46.7-12.6 15.8 16 34.2 29.4 54.6 39.5-28.2 23.9-64 37.2-101.3 37.2-86.4 0-156.5-70-156.5-156.5 0-41.5 16.5-81.3 45.8-110.6l71.1-71.1c29.3-29.3 69.1-45.8 110.6-45.8 86.6 0 156.5 70.6 156.5 156.9 0 1.3 0 2.6 0 3.9-.4 17.7-15.1 31.6-32.8 31.2s-31.6-15.1-31.2-32.8c0-.8 0-1.5 0-2.3 0-33.7-18-63.3-44.8-79.6z\"/></svg>            </span>\\n\n            <span\\n\n                class=\"min-w-0 flex-1 truncate text-xs font-bold [color:color-mix(in_srgb,var(--text-color,#0d1b2a)_82%,transparent)] group-hover:[color:var(--accent-color,#6c5ce7)]\"\\n\n                data-post-card-url>https://mixed-visibility.test</span>\\n\n            <svg class=\"size-2.5 opacity-70 [color:var(--accent-color,#6c5ce7)]\" fill=\"currentColor\" xmlns=\"http://www.w3.org/2000/svg\" viewBox=\"0 0 512 512\"><!--! Font Awesome Free 7.2.0 by @fontawesome - https://fontawesome.com License - https://fontawesome.com/license/free (Icons: CC BY 4.0, Fonts: SIL OFL 1.1, Code: MIT License) Copyright 2026 Fonticons, Inc. --><path fill=\"currentColor\" d=\"M320 0c-17.7 0-32 14.3-32 32s14.3 32 32 32l82.7 0-201.4 201.4c-12.5 12.5-12.5 32.8 0 45.3s32.8 12.5 45.3 0L448 109.3 448 192c0 17.7 14.3 32 32 32s32-14.3 32-32l0-160c0-17.7-14.3-32-32-32L320 0zM80 96C35.8 96 0 131.8 0 176L0 432c0 44.2 35.8 80 80 80l256 0c44.2 0 80-35.8 80-80l0-80c0-17.7-14.3-32-32-32s-32 14.3-32 32l0 80c0 8.8-7.2 16-16 16L80 448c-8.8 0-16-7.2-16-16l0-256c0-8.8 7.2-16 16-16l80 0c17.7 0 32-14.3 32-32s-14.3-32-32-32L80 96z\"/></svg>        </a>\\n\n\\n\n        \\n\n        <div class=\"grid grid-cols-[auto_minmax(0,1fr)_auto] items-center gap-1\">\\n\n            <button type=\"button\"\\n\n                class=\"flex size-7 shrink-0 items-center justify-center rounded-md [color:color-mix(in_srgb,var(--text-color,#0d1b2a)_58%,transparent)] focus:outline-none focus:ring-2 focus:[--tw-ring-color:color-mix(in_srgb,var(--accent-color,#6c5ce7)_22%,transparent)]\"\\n\n                aria-label=\"Scroll tags left\" data-tag-scroll=\"left\" x-on:click=\"scrollTags(-1)\">\\n\n                <svg aria-hidden=\"true\" class=\"size-2.5\" fill=\"currentColor\" xmlns=\"http://www.w3.org/2000/svg\" viewBox=\"0 0 320 512\"><!--! Font Awesome Free 7.2.0 by @fontawesome - https://fontawesome.com License - https://fontawesome.com/license/free (Icons: CC BY 4.0, Fonts: SIL OFL 1.1, Code: MIT License) Copyright 2026 Fonticons, Inc. --><path fill=\"currentColor\" d=\"M9.4 233.4c-12.5 12.5-12.5 32.8 0 45.3l192 192c12.5 12.5 32.8 12.5 45.3 0s12.5-32.8 0-45.3L77.3 256 246.6 86.6c12.5-12.5 12.5-32.8 0-45.3s-32.8-12.5-45.3 0l-192 192z\"/></svg>            </button>\\n\n            <div class=\"flex min-w-0 items-center gap-2 overflow-x-auto scroll-smooth pb-1 [-ms-overflow-style:none] [scrollbar-width:none] [&::-webkit-scrollbar]:hidden\"\\n\n                x-ref=\"tagScroller\" data-post-card-tags>\\n\n                                    <span\\n\n                        class=\"inline-flex shrink-0 items-center gap-1 whitespace-nowrap rounded-md border px-2 py-0.5 text-[11px] font-bold [border-color:color-mix(in_srgb,var(--text-color,#0d1b2a)_16%,transparent)] [background:color-mix(in_srgb,var(--background-color,#ffffff)_94%,var(--text-color,#0d1b2a)_6%)] [color:color-mix(in_srgb,var(--text-color,#0d1b2a)_62%,transparent)]\">\\n\n                        <span\\n\n                            class=\"size-1.5 rounded-full [background:color-mix(in_srgb,var(--text-color,#0d1b2a)_42%,transparent)]\"></span>\\n\n                        No tags selected\\n\n                    </span>\\n\n                            </div>\\n\n            <button type=\"button\"\\n\n                class=\"flex size-7 shrink-0 items-center justify-center rounded-md [color:color-mix(in_srgb,var(--text-color,#0d1b2a)_58%,transparent)] focus:outline-none focus:ring-2 focus:[--tw-ring-color:color-mix(in_srgb,var(--accent-color,#6c5ce7)_22%,transparent)]\"\\n\n                aria-label=\"Scroll tags right\" data-tag-scroll=\"right\" x-on:click=\"scrollTags(1)\">\\n\n                <svg aria-hidden=\"true\" class=\"size-2.5\" fill=\"currentColor\" xmlns=\"http://www.w3.org/2000/svg\" viewBox=\"0 0 320 512\"><!--! Font Awesome Free 7.2.0 by @fontawesome - https://fontawesome.com License - https://fontawesome.com/license/free (Icons: CC BY 4.0, Fonts: SIL OFL 1.1, Code: MIT License) Copyright 2026 Fonticons, Inc. --><path fill=\"currentColor\" d=\"M311.1 233.4c12.5 12.5 12.5 32.8 0 45.3l-192 192c-12.5 12.5-32.8 12.5-45.3 0s-12.5-32.8 0-45.3L243.2 256 73.9 86.6c-12.5-12.5-12.5-32.8 0-45.3s32.8-12.5 45.3 0l192 192z\"/></svg>            </button>\\n\n        </div>\\n\n    </header>\\n\n\\n\n    \\n\n    <section class=\"px-4 pb-3 sm:px-5\">\\n\n        <div\\n\n            class=\"overflow-hidden rounded-xl border [border-color:color-mix(in_srgb,var(--accent-color,#6c5ce7)_18%,var(--background-color,#ffffff))] [background:color-mix(in_srgb,var(--background-color,#ffffff)_94%,var(--accent-color,#6c5ce7)_6%)]\">\\n\n            <div\\n\n                class=\"border-b px-3 py-2 [border-color:color-mix(in_srgb,var(--accent-color,#6c5ce7)_16%,transparent)]\">\\n\n                <div class=\"grid grid-cols-[auto_minmax(0,1fr)_auto] items-center gap-1\">\\n\n                    <button type=\"button\"\\n\n                        class=\"flex size-7 shrink-0 items-center justify-center rounded-md [color:color-mix(in_srgb,var(--text-color,#0d1b2a)_58%,transparent)] focus:outline-none focus:ring-2 focus:[--tw-ring-color:color-mix(in_srgb,var(--accent-color,#6c5ce7)_22%,transparent)]\"\\n\n                        aria-label=\"Scroll profiles left\" data-profile-scroll=\"left\" x-on:click=\"scrollProfiles(-1)\">\\n\n                        <svg aria-hidden=\"true\" class=\"size-2.5\" fill=\"currentColor\" xmlns=\"http://www.w3.org/2000/svg\" viewBox=\"0 0 320 512\"><!--! Font Awesome Free 7.2.0 by @fontawesome - https://fontawesome.com License - https://fontawesome.com/license/free (Icons: CC BY 4.0, Fonts: SIL OFL 1.1, Code: MIT License) Copyright 2026 Fonticons, Inc. --><path fill=\"currentColor\" d=\"M9.4 233.4c-12.5 12.5-12.5 32.8 0 45.3l192 192c12.5 12.5 32.8 12.5 45.3 0s12.5-32.8 0-45.3L77.3 256 246.6 86.6c12.5-12.5 12.5-32.8 0-45.3s-32.8-12.5-45.3 0l-192 192z\"/></svg>                    </button>\\n\n                    <div class=\"flex min-w-0 snap-x items-center gap-2 overflow-x-auto scroll-smooth [-ms-overflow-style:none] [scrollbar-width:none] [&::-webkit-scrollbar]:hidden\"\\n\n                        x-ref=\"profileTabs\" data-profile-tabs>\\n\n                        <template x-for=\"(profile, index) in profiles\" x-bind:key=\"profile.username + index\">\\n\n                            <button type=\"button\"\\n\n                                class=\"flex shrink-0 snap-start items-center gap-1.5 border-b-2 px-3.5 py-2.5 text-[10px] font-semibold uppercase tracking-wider\"\\n\n                                x-bind:class=\"activeProfile === index ?\\n\n                                    '[border-color:var(--accent-color,#6c5ce7)] [color:var(--accent-color,#6c5ce7)] font-bold' :\\n\n                                    'border-transparent [color:color-mix(in_srgb,var(--text-color,#0d1b2a)_48%,transparent)]'\"\\n\n                                x-bind:data-active=\"activeProfile === index ? 'true' : 'false'\"\\n\n                                x-on:click=\"switchProfile(index)\" data-profile-tab>\\n\n                                <img x-show=\"profile.avatar\" x-bind:src=\"profile.avatar\"\\n\n                                    x-bind:alt=\"profile.username + ' profile'\" class=\"size-6 rounded-full object-cover\">\\n\n                                <span x-show=\"! profile.avatar\"\\n\n                                    class=\"flex size-6 items-center justify-center rounded-full text-[10px] font-extrabold [background:color-mix(in_srgb,var(--background-color,#ffffff)_80%,var(--accent-color,#6c5ce7)_20%)] [color:var(--accent-color,#6c5ce7)]\"\\n\n                                    x-text=\"profile.initial\"></span>\\n\n                                <span x-text=\"profile.username\"></span>\\n\n                            </button>\\n\n                        </template>\\n\n                    </div>\\n\n                    <button type=\"button\"\\n\n                        class=\"flex size-7 shrink-0 items-center justify-center rounded-md [color:color-mix(in_srgb,var(--text-color,#0d1b2a)_58%,transparent)] focus:outline-none focus:ring-2 focus:[--tw-ring-color:color-mix(in_srgb,var(--accent-color,#6c5ce7)_22%,transparent)]\"\\n\n                        aria-label=\"Scroll profiles right\" data-profile-scroll=\"right\"\\n\n                        x-on:click=\"scrollProfiles(1)\">\\n\n                        <svg aria-hidden=\"true\" class=\"size-2.5\" fill=\"currentColor\" xmlns=\"http://www.w3.org/2000/svg\" viewBox=\"0 0 320 512\"><!--! Font Awesome Free 7.2.0 by @fontawesome - https://fontawesome.com License - https://fontawesome.com/license/free (Icons: CC BY 4.0, Fonts: SIL OFL 1.1, Code: MIT License) Copyright 2026 Fonticons, Inc. --><path fill=\"currentColor\" d=\"M311.1 233.4c12.5 12.5 12.5 32.8 0 45.3l-192 192c-12.5 12.5-32.8 12.5-45.3 0s-12.5-32.8 0-45.3L243.2 256 73.9 86.6c-12.5-12.5-12.5-32.8 0-45.3s32.8-12.5 45.3 0l192 192z\"/></svg>                    </button>\\n\n                </div>\\n\n            </div>\\n\n\\n\n            <div class=\"space-y-1.5 px-3 py-2.5\">\\n\n                <div class=\"flex items-center gap-2 text-xs\">\\n\n                    <span class=\"font-bold [color:color-mix(in_srgb,var(--text-color,#0d1b2a)_52%,transparent)]\"\\n\n                        x-text=\"currentProfile.time\">Published 0 seconds ago</span>\\n\n                </div>\\n\n                <p class=\"line-clamp-3 whitespace-pre-wrap break-words text-[13px] leading-5 [color:color-mix(in_srgb,var(--text-color,#0d1b2a)_78%,transparent)]\"\\n\n                    data-post-card-description x-text=\"currentProfile.description\">\\n\n                    Visible reviewer description.</p>\\n\n            </div>\\n\n        </div>\\n\n    </section>\\n\n\\n\n    <footer\\n\n        class=\"relative flex items-center  justify-between gap-3 border-t px-4 py-3 sm:px-5 [border-color:color-mix(in_srgb,var(--accent-color,#6c5ce7)_18%,transparent)] [background:color-mix(in_srgb,var(--background-color,#ffffff)_96%,var(--accent-color,#6c5ce7)_4%)]\">\\n\n                    <a href=\"http://127.0.0.1:8000/posts/aut-qui-neque-quia-dignissimos-10328\"\\n\n                class=\"inline-flex items-center gap-2 rounded-xl px-3 py-2 text-sm font-bold transition-all [color:color-mix(in_srgb,var(--text-color,#0d1b2a)_72%,transparent)] hover:[background:color-mix(in_srgb,var(--background-color,#ffffff)_86%,var(--accent-color,#6c5ce7)_14%)] hover:[color:var(--accent-color,#6c5ce7)]\">\\n\n                <svg class=\"size-5\" fill=\"currentColor\" xmlns=\"http://www.w3.org/2000/svg\" viewBox=\"0 0 512 512\"><!--! Font Awesome Free 7.2.0 by @fontawesome - https://fontawesome.com License - https://fontawesome.com/license/free (Icons: CC BY 4.0, Fonts: SIL OFL 1.1, Code: MIT License) Copyright 2026 Fonticons, Inc. --><path fill=\"currentColor\" d=\"M51.9 384.9C19.3 344.6 0 294.4 0 240 0 107.5 114.6 0 256 0S512 107.5 512 240 397.4 480 256 480c-36.5 0-71.2-7.2-102.6-20L37 509.9c-3.7 1.6-7.5 2.1-11.5 2.1-14.1 0-25.5-11.4-25.5-25.5 0-4.3 1.1-8.5 3.1-12.2l48.8-89.4zm37.3-30.2c12.2 15.1 14.1 36.1 4.8 53.2l-18 33.1 58.5-25.1c11.8-5.1 25.2-5.2 37.1-.3 25.7 10.5 54.2 16.4 84.3 16.4 117.8 0 208-88.8 208-192S373.8 48 256 48 48 136.8 48 240c0 42.8 15.1 82.4 41.2 114.7z\"/></svg>                <span>Comments</span>\\n\n                <span\\n\n                    class=\"rounded-full px-2 py-0.5 text-[11px] font-bold [background:color-mix(in_srgb,var(--background-color,#ffffff)_82%,var(--accent-color,#6c5ce7)_18%)] [color:var(--accent-color,#6c5ce7)]\"\\n\n                    x-text=\"commentsTotal()\">0</span>\\n\n            </a>\\n\n                <div class=\"relative\">\\n\n                            <button type=\"button\"\\n\n                    class=\"group inline-flex items-center gap-2 rounded-md px-2 py-0.5 text-sm font-bold transition-all [color:color-mix(in_srgb,var(--text-color,#0d1b2a)_76%,transparent)] [box-shadow:0_1px_3px_color-mix(in_srgb,var(--text-color,#0d1b2a)_18%,transparent)] hover:[background:color-mix(in_srgb,var(--background-color,#ffffff)_84%,var(--accent-color,#6c5ce7)_16%)] hover:[color:var(--accent-color,#6c5ce7)] hover:[box-shadow:0_8px_18px_color-mix(in_srgb,var(--accent-color,#6c5ce7)_18%,transparent)]\"\\n\n                    x-on:click.stop=\"reviewOpen = ! reviewOpen\" x-bind:aria-expanded=\"reviewOpen.toString()\">\\n\n                    <svg class=\"size-3 group-hover:[color:var(--accent-color,#6c5ce7)]\" fill=\"currentColor\" xmlns=\"http://www.w3.org/2000/svg\" viewBox=\"0 0 576 512\"><!--! Font Awesome Free 7.2.0 by @fontawesome - https://fontawesome.com License - https://fontawesome.com/license/free (Icons: CC BY 4.0, Fonts: SIL OFL 1.1, Code: MIT License) Copyright 2026 Fonticons, Inc. --><path fill=\"currentColor\" d=\"M288.1-32c9 0 17.3 5.1 21.4 13.1L383 125.3 542.9 150.7c8.9 1.4 16.3 7.7 19.1 16.3s.5 18-5.8 24.4L441.7 305.9 467 465.8c1.4 8.9-2.3 17.9-9.6 23.2s-17 6.1-25 2L288.1 417.6 143.8 491c-8 4.1-17.7 3.3-25-2s-11-14.2-9.6-23.2L134.4 305.9 20 191.4c-6.4-6.4-8.6-15.8-5.8-24.4s10.1-14.9 19.1-16.3l159.9-25.4 73.6-144.2c4.1-8 12.4-13.1 21.4-13.1zm0 76.8L230.3 158c-3.5 6.8-10 11.6-17.6 12.8l-125.5 20 89.8 89.9c5.4 5.4 7.9 13.1 6.7 20.7l-19.8 125.5 113.3-57.6c6.8-3.5 14.9-3.5 21.8 0l113.3 57.6-19.8-125.5c-1.2-7.6 1.3-15.3 6.7-20.7l89.8-89.9-125.5-20c-7.6-1.2-14.1-6-17.6-12.8L288.1 44.8z\"/></svg>                    <span class=\"group-hover:[color:var(--accent-color,#6c5ce7)]\">Review</span>\\n\n                </button>\\n\n                                </div>\\n\n    </footer>\\n\n\\n\n                        <template x-teleport=\"body\">\\n\n                <div x-cloak x-show=\"reportOpen\" x-transition.opacity.duration.200ms\\n\n                    class=\"fixed inset-0 z-[100000] flex items-center justify-center bg-black/45 p-4 backdrop-blur-md\"\\n\n                    role=\"presentation\" x-on:click.self=\"closeReportModal()\"\\n\n                    x-on:keydown.escape.window=\"closeReportModal()\" data-post-card-report-modal>\\n\n                    <form method=\"POST\" action=\"http://127.0.0.1:8000/posts/1/report\"\\n\n                        class=\"flex max-h-[85vh] w-full max-w-xl flex-col overflow-hidden rounded-3xl border [border-color:color-mix(in_srgb,var(--text-color,#0d1b2a)_8%,transparent)] [background:var(--background-color,#ffffff)] [color:var(--text-color,#0d1b2a)] [box-shadow:0_30px_60px_-15px_color-mix(in_srgb,var(--text-color,#0d1b2a)_28%,transparent)]\"\\n\n                        aria-labelledby=\"report-modal-title-1\" data-post-card-report-form\\n\n                        x-on:click.stop>\\n\n                        <input type=\"hidden\" name=\"_token\" value=\"ZCw5t2pMBrVGtoMV3XfGRmyHvWGNFLXUn404Lrlz\" autocomplete=\"off\">\\n\n                        <div class=\"flex items-start justify-between gap-4 px-7 pb-2 pt-7\">\\n\n                            <div class=\"min-w-0\">\\n\n                                <h3 id=\"report-modal-title-1\"\\n\n                                    class=\"text-[22px] font-bold leading-tight tracking-normal [color:var(--text-color,#0d1b2a)]\">\\n\n                                    Report Content\\n\n                                </h3>\\n\n                                <p\\n\n                                    class=\"mt-2 text-sm leading-6 [color:color-mix(in_srgb,var(--text-color,#0d1b2a)_64%,transparent)]\">\\n\n                                    Select the reason that best matches the issue with this post.\\n\n                                </p>\\n\n                            </div>\\n\n                            <button type=\"button\"\\n\n                                class=\"flex size-9 shrink-0 items-center justify-center rounded-full transition [color:color-mix(in_srgb,var(--text-color,#0d1b2a)_62%,transparent)] hover:[background:color-mix(in_srgb,var(--background-color,#ffffff)_86%,var(--accent-color,#6c5ce7)_14%)] hover:[color:var(--text-color,#0d1b2a)] focus:outline-none focus-visible:ring-2 focus-visible:[--tw-ring-color:color-mix(in_srgb,var(--accent-color,#6c5ce7)_32%,transparent)]\"\\n\n                                aria-label=\"Close report dialog\" x-on:click=\"closeReportModal()\">\\n\n                                <svg aria-hidden=\"true\" class=\"size-4\" fill=\"currentColor\" xmlns=\"http://www.w3.org/2000/svg\" viewBox=\"0 0 384 512\"><!--! Font Awesome Free 7.2.0 by @fontawesome - https://fontawesome.com License - https://fontawesome.com/license/free (Icons: CC BY 4.0, Fonts: SIL OFL 1.1, Code: MIT License) Copyright 2026 Fonticons, Inc. --><path fill=\"currentColor\" d=\"M55.1 73.4c-12.5-12.5-32.8-12.5-45.3 0s-12.5 32.8 0 45.3L147.2 256 9.9 393.4c-12.5 12.5-12.5 32.8 0 45.3s32.8 12.5 45.3 0L192.5 301.3 329.9 438.6c12.5 12.5 32.8 12.5 45.3 0s12.5-32.8 0-45.3L237.8 256 375.1 118.6c12.5-12.5 12.5-32.8 0-45.3s-32.8-12.5-45.3 0L192.5 210.7 55.1 73.4z\"/></svg>                            </button>\\n\n                        </div>\\n\n\\n\n                        <div class=\"flex-1 space-y-6 overflow-y-auto px-7 py-4\">\\n\n                            <div class=\"space-y-3\">\\n\n                                <span\\n\n                                    class=\"block text-[11px] font-bold uppercase tracking-[0.08em] [color:color-mix(in_srgb,var(--text-color,#0d1b2a)_42%,transparent)]\">Content\\n\n                                    Quality</span>\\n\n                                <div class=\"grid gap-3 sm:grid-cols-2\">\\n\n                                                                            <label\\n\n                                            class=\"flex cursor-pointer items-center justify-between gap-3 rounded-2xl border p-4 transition active:scale-[0.98] [border-color:color-mix(in_srgb,var(--text-color,#0d1b2a)_12%,transparent)] [background:var(--background-color,#ffffff)] hover:[background:color-mix(in_srgb,var(--background-color,#ffffff)_92%,var(--accent-color,#6c5ce7)_8%)]\"\\n\n                                            x-bind:class=\"reportReason === 'Spam \\/ Misleading' ? '[border-color:var(--accent-color,#6c5ce7)] [background:color-mix(in_srgb,var(--background-color,#ffffff)_84%,var(--accent-color,#6c5ce7)_16%)] [box-shadow:0_0_0_1px_var(--accent-color,#6c5ce7)]' : ''\">\\n\n                                            <span\\n\n                                                class=\"flex min-w-0 items-center gap-3 text-sm font-semibold [color:color-mix(in_srgb,var(--text-color,#0d1b2a)_72%,transparent)]\"\\n\n                                                x-bind:class=\"reportReason === 'Spam \\/ Misleading' ? '[color:var(--accent-color,#6c5ce7)]' : ''\">\\n\n                                                                                                    <svg aria-hidden=\"true\" class=\"size-4 shrink-0\" fill=\"currentColor\" xmlns=\"http://www.w3.org/2000/svg\" viewBox=\"0 0 512 512\"><!--! Font Awesome Free 7.2.0 by @fontawesome - https://fontawesome.com License - https://fontawesome.com/license/free (Icons: CC BY 4.0, Fonts: SIL OFL 1.1, Code: MIT License) Copyright 2026 Fonticons, Inc. --><path fill=\"currentColor\" d=\"M256 0c14.7 0 28.2 8.1 35.2 21l216 400c6.7 12.4 6.4 27.4-.8 39.5S486.1 480 472 480L40 480c-14.1 0-27.2-7.4-34.4-19.5s-7.5-27.1-.8-39.5l216-400c7-12.9 20.5-21 35.2-21zm0 352a32 32 0 1 0 0 64 32 32 0 1 0 0-64zm0-192c-18.2 0-32.7 15.5-31.4 33.7l7.4 104c.9 12.5 11.4 22.3 23.9 22.3 12.6 0 23-9.7 23.9-22.3l7.4-104c1.3-18.2-13.1-33.7-31.4-33.7z\"/></svg>                                                                                                <span>Spam / Misleading</span>\\n\n                                            </span>\\n\n                                            <input type=\"radio\" name=\"reason\" value=\"Spam / Misleading\"\\n\n                                                class=\"size-4 shrink-0 accent-[var(--accent-color,#6c5ce7)]\"\\n\n                                                x-model=\"reportReason\" data-post-card-report-reason>\\n\n                                        </label>\\n\n                                                                            <label\\n\n                                            class=\"flex cursor-pointer items-center justify-between gap-3 rounded-2xl border p-4 transition active:scale-[0.98] [border-color:color-mix(in_srgb,var(--text-color,#0d1b2a)_12%,transparent)] [background:var(--background-color,#ffffff)] hover:[background:color-mix(in_srgb,var(--background-color,#ffffff)_92%,var(--accent-color,#6c5ce7)_8%)]\"\\n\n                                            x-bind:class=\"reportReason === 'Fake \\/ False Info' ? '[border-color:var(--accent-color,#6c5ce7)] [background:color-mix(in_srgb,var(--background-color,#ffffff)_84%,var(--accent-color,#6c5ce7)_16%)] [box-shadow:0_0_0_1px_var(--accent-color,#6c5ce7)]' : ''\">\\n\n                                            <span\\n\n                                                class=\"flex min-w-0 items-center gap-3 text-sm font-semibold [color:color-mix(in_srgb,var(--text-color,#0d1b2a)_72%,transparent)]\"\\n\n                                                x-bind:class=\"reportReason === 'Fake \\/ False Info' ? '[color:var(--accent-color,#6c5ce7)]' : ''\">\\n\n                                                                                                    <svg aria-hidden=\"true\" class=\"size-4 shrink-0\" fill=\"currentColor\" xmlns=\"http://www.w3.org/2000/svg\" viewBox=\"0 0 512 512\"><!--! Font Awesome Free 7.2.0 by @fontawesome - https://fontawesome.com License - https://fontawesome.com/license/free (Icons: CC BY 4.0, Fonts: SIL OFL 1.1, Code: MIT License) Copyright 2026 Fonticons, Inc. --><path fill=\"currentColor\" d=\"M256 0c4.6 0 9.2 1 13.4 2.9L457.8 82.8c22 9.3 38.4 31 38.3 57.2-.5 99.2-41.3 280.7-213.6 363.2-16.7 8-36.1 8-52.8 0-172.4-82.5-213.1-264-213.6-363.2-.1-26.2 16.3-47.9 38.3-57.2L242.7 2.9C246.9 1 251.4 0 256 0zm0 66.8l0 378.1c138-66.8 175.1-214.8 176-303.4l-176-74.6 0 0z\"/></svg>                                                                                                <span>Fake / False Info</span>\\n\n                                            </span>\\n\n                                            <input type=\"radio\" name=\"reason\" value=\"Fake / False Info\"\\n\n                                                class=\"size-4 shrink-0 accent-[var(--accent-color,#6c5ce7)]\"\\n\n                                                x-model=\"reportReason\" data-post-card-report-reason>\\n\n                                        </label>\\n\n                                                                            <label\\n\n                                            class=\"flex cursor-pointer items-center justify-between gap-3 rounded-2xl border p-4 transition active:scale-[0.98] [border-color:color-mix(in_srgb,var(--text-color,#0d1b2a)_12%,transparent)] [background:var(--background-color,#ffffff)] hover:[background:color-mix(in_srgb,var(--background-color,#ffffff)_92%,var(--accent-color,#6c5ce7)_8%)]\"\\n\n                                            x-bind:class=\"reportReason === 'Intellectual Property' ? '[border-color:var(--accent-color,#6c5ce7)] [background:color-mix(in_srgb,var(--background-color,#ffffff)_84%,var(--accent-color,#6c5ce7)_16%)] [box-shadow:0_0_0_1px_var(--accent-color,#6c5ce7)]' : ''\">\\n\n                                            <span\\n\n                                                class=\"flex min-w-0 items-center gap-3 text-sm font-semibold [color:color-mix(in_srgb,var(--text-color,#0d1b2a)_72%,transparent)]\"\\n\n                                                x-bind:class=\"reportReason === 'Intellectual Property' ? '[color:var(--accent-color,#6c5ce7)]' : ''\">\\n\n                                                                                                    <svg aria-hidden=\"true\" class=\"size-4 shrink-0\" fill=\"currentColor\" xmlns=\"http://www.w3.org/2000/svg\" viewBox=\"0 0 512 512\"><!--! Font Awesome Free 7.2.0 by @fontawesome - https://fontawesome.com License - https://fontawesome.com/license/free (Icons: CC BY 4.0, Fonts: SIL OFL 1.1, Code: MIT License) Copyright 2026 Fonticons, Inc. --><path fill=\"currentColor\" d=\"M256 512a256 256 0 1 0 0-512 256 256 0 1 0 0 512zM205.1 306.9c28.1 28.1 73.7 28.1 101.8 0 9.4-9.4 24.6-9.4 33.9 0s9.4 24.6 0 33.9c-46.9 46.9-122.8 46.9-169.7 0s-46.9-122.8 0-169.7 122.8-46.9 169.7 0c9.4 9.4 9.4 24.6 0 33.9s-24.6 9.4-33.9 0c-28.1-28.1-73.7-28.1-101.8 0s-28.1 73.7 0 101.8z\"/></svg>                                                                                                <span>Intellectual Property</span>\\n\n                                            </span>\\n\n                                            <input type=\"radio\" name=\"reason\" value=\"Intellectual Property\"\\n\n                                                class=\"size-4 shrink-0 accent-[var(--accent-color,#6c5ce7)]\"\\n\n                                                x-model=\"reportReason\" data-post-card-report-reason>\\n\n                                        </label>\\n\n                                                                            <label\\n\n                                            class=\"flex cursor-pointer items-center justify-between gap-3 rounded-2xl border p-4 transition active:scale-[0.98] [border-color:color-mix(in_srgb,var(--text-color,#0d1b2a)_12%,transparent)] [background:var(--background-color,#ffffff)] hover:[background:color-mix(in_srgb,var(--background-color,#ffffff)_92%,var(--accent-color,#6c5ce7)_8%)]\"\\n\n                                            x-bind:class=\"reportReason === 'Nudity \\/ Obscenity' ? '[border-color:var(--accent-color,#6c5ce7)] [background:color-mix(in_srgb,var(--background-color,#ffffff)_84%,var(--accent-color,#6c5ce7)_16%)] [box-shadow:0_0_0_1px_var(--accent-color,#6c5ce7)]' : ''\">\\n\n                                            <span\\n\n                                                class=\"flex min-w-0 items-center gap-3 text-sm font-semibold [color:color-mix(in_srgb,var(--text-color,#0d1b2a)_72%,transparent)]\"\\n\n                                                x-bind:class=\"reportReason === 'Nudity \\/ Obscenity' ? '[color:var(--accent-color,#6c5ce7)]' : ''\">\\n\n                                                                                                    <svg aria-hidden=\"true\" class=\"size-4 shrink-0\" fill=\"currentColor\" xmlns=\"http://www.w3.org/2000/svg\" viewBox=\"0 0 576 512\"><!--! Font Awesome Free 7.2.0 by @fontawesome - https://fontawesome.com License - https://fontawesome.com/license/free (Icons: CC BY 4.0, Fonts: SIL OFL 1.1, Code: MIT License) Copyright 2026 Fonticons, Inc. --><path fill=\"currentColor\" d=\"M41-24.9c-9.4-9.4-24.6-9.4-33.9 0S-2.3-.3 7 9.1l528 528c9.4 9.4 24.6 9.4 33.9 0s9.4-24.6 0-33.9l-96.4-96.4c2.7-2.4 5.4-4.8 8-7.2 46.8-43.5 78.1-95.4 93-131.1 3.3-7.9 3.3-16.7 0-24.6-14.9-35.7-46.2-87.7-93-131.1-47.1-43.7-111.8-80.6-192.6-80.6-56.8 0-105.6 18.2-146 44.2L41-24.9zM204.5 138.7c23.5-16.8 52.4-26.7 83.5-26.7 79.5 0 144 64.5 144 144 0 31.1-9.9 59.9-26.7 83.5l-34.7-34.7c12.7-21.4 17-47.7 10.1-73.7-13.7-51.2-66.4-81.6-117.6-67.9-8.6 2.3-16.7 5.7-24 10l-34.7-34.7zM325.3 395.1c-11.9 3.2-24.4 4.9-37.3 4.9-79.5 0-144-64.5-144-144 0-12.9 1.7-25.4 4.9-37.3L69.4 139.2c-32.6 36.8-55 75.8-66.9 104.5-3.3 7.9-3.3 16.7 0 24.6 14.9 35.7 46.2 87.7 93 131.1 47.1 43.7 111.8 80.6 192.6 80.6 37.3 0 71.2-7.9 101.5-20.6l-64.2-64.2z\"/></svg>                                                                                                <span>Nudity / Obscenity</span>\\n\n                                            </span>\\n\n                                            <input type=\"radio\" name=\"reason\" value=\"Nudity / Obscenity\"\\n\n                                                class=\"size-4 shrink-0 accent-[var(--accent-color,#6c5ce7)]\"\\n\n                                                x-model=\"reportReason\" data-post-card-report-reason>\\n\n                                        </label>\\n\n                                                                    </div>\\n\n                            </div>\\n\n\\n\n                            <div class=\"space-y-3\">\\n\n                                <span\\n\n                                    class=\"block text-[11px] font-bold uppercase tracking-[0.08em] [color:color-mix(in_srgb,var(--text-color,#0d1b2a)_42%,transparent)]\">Safety\\n\n                                    & Conduct</span>\\n\n                                <div class=\"grid gap-3 sm:grid-cols-2\">\\n\n                                                                            <label\\n\n                                            class=\"flex cursor-pointer items-center justify-between gap-3 rounded-2xl border p-4 transition active:scale-[0.98] [border-color:color-mix(in_srgb,var(--text-color,#0d1b2a)_12%,transparent)] [background:var(--background-color,#ffffff)] hover:[background:color-mix(in_srgb,var(--background-color,#ffffff)_92%,var(--accent-color,#6c5ce7)_8%)]\"\\n\n                                            x-bind:class=\"reportReason === 'Hate Speech' ? '[border-color:var(--accent-color,#6c5ce7)] [background:color-mix(in_srgb,var(--background-color,#ffffff)_84%,var(--accent-color,#6c5ce7)_16%)] [box-shadow:0_0_0_1px_var(--accent-color,#6c5ce7)]' : ''\">\\n\n                                            <span\\n\n                                                class=\"flex min-w-0 items-center gap-3 text-sm font-semibold [color:color-mix(in_srgb,var(--text-color,#0d1b2a)_72%,transparent)]\"\\n\n                                                x-bind:class=\"reportReason === 'Hate Speech' ? '[color:var(--accent-color,#6c5ce7)]' : ''\">\\n\n                                                                                                    <svg aria-hidden=\"true\" class=\"size-4 shrink-0\" fill=\"currentColor\" xmlns=\"http://www.w3.org/2000/svg\" viewBox=\"0 0 512 512\"><!--! Font Awesome Free 7.2.0 by @fontawesome - https://fontawesome.com License - https://fontawesome.com/license/free (Icons: CC BY 4.0, Fonts: SIL OFL 1.1, Code: MIT License) Copyright 2026 Fonticons, Inc. --><path fill=\"currentColor\" d=\"M256 512a256 256 0 1 0 0-512 256 256 0 1 0 0 512zm90.6-113.9c-20.4-28-53.4-46.1-90.6-46.1s-70.2 18.1-90.6 46.1c-7.8 10.7-22.8 13.1-33.5 5.3s-13.1-22.8-5.3-33.5C155.7 330 202.8 304 256 304s100.3 26 129.4 65.9c7.8 10.7 5.4 25.7-5.3 33.5s-25.7 5.4-33.5-5.3zM144 208a32 32 0 1 1 64 0 32 32 0 1 1 -64 0zm192-32a32 32 0 1 1 0 64 32 32 0 1 1 0-64z\"/></svg>                                                                                                <span>Hate Speech</span>\\n\n                                            </span>\\n\n                                            <input type=\"radio\" name=\"reason\" value=\"Hate Speech\"\\n\n                                                class=\"size-4 shrink-0 accent-[var(--accent-color,#6c5ce7)]\"\\n\n                                                x-model=\"reportReason\" data-post-card-report-reason>\\n\n                                        </label>\\n\n                                                                            <label\\n\n                                            class=\"flex cursor-pointer items-center justify-between gap-3 rounded-2xl border p-4 transition active:scale-[0.98] [border-color:color-mix(in_srgb,var(--text-color,#0d1b2a)_12%,transparent)] [background:var(--background-color,#ffffff)] hover:[background:color-mix(in_srgb,var(--background-color,#ffffff)_92%,var(--accent-color,#6c5ce7)_8%)]\"\\n\n                                            x-bind:class=\"reportReason === 'Harassment \\/ Abuse' ? '[border-color:var(--accent-color,#6c5ce7)] [background:color-mix(in_srgb,var(--background-color,#ffffff)_84%,var(--accent-color,#6c5ce7)_16%)] [box-shadow:0_0_0_1px_var(--accent-color,#6c5ce7)]' : ''\">\\n\n                                            <span\\n\n                                                class=\"flex min-w-0 items-center gap-3 text-sm font-semibold [color:color-mix(in_srgb,var(--text-color,#0d1b2a)_72%,transparent)]\"\\n\n                                                x-bind:class=\"reportReason === 'Harassment \\/ Abuse' ? '[color:var(--accent-color,#6c5ce7)]' : ''\">\\n\n                                                                                                    <svg aria-hidden=\"true\" class=\"size-4 shrink-0\" fill=\"currentColor\" xmlns=\"http://www.w3.org/2000/svg\" viewBox=\"0 0 448 512\"><!--! Font Awesome Free 7.2.0 by @fontawesome - https://fontawesome.com License - https://fontawesome.com/license/free (Icons: CC BY 4.0, Fonts: SIL OFL 1.1, Code: MIT License) Copyright 2026 Fonticons, Inc. --><path fill=\"currentColor\" d=\"M338.8-9.9c11.9 8.6 16.3 24.2 10.9 37.8L271.3 224 416 224c13.5 0 25.5 8.4 30.1 21.1s.7 26.9-9.6 35.5l-288 240c-11.3 9.4-27.4 9.9-39.3 1.3s-16.3-24.2-10.9-37.8L176.7 288 32 288c-13.5 0-25.5-8.4-30.1-21.1s-.7-26.9 9.6-35.5l288-240c11.3-9.4 27.4-9.9 39.3-1.3z\"/></svg>                                                                                                <span>Harassment / Abuse</span>\\n\n                                            </span>\\n\n                                            <input type=\"radio\" name=\"reason\" value=\"Harassment / Abuse\"\\n\n                                                class=\"size-4 shrink-0 accent-[var(--accent-color,#6c5ce7)]\"\\n\n                                                x-model=\"reportReason\" data-post-card-report-reason>\\n\n                                        </label>\\n\n                                                                            <label\\n\n                                            class=\"flex cursor-pointer items-center justify-between gap-3 rounded-2xl border p-4 transition active:scale-[0.98] [border-color:color-mix(in_srgb,var(--text-color,#0d1b2a)_12%,transparent)] [background:var(--background-color,#ffffff)] hover:[background:color-mix(in_srgb,var(--background-color,#ffffff)_92%,var(--accent-color,#6c5ce7)_8%)]\"\\n\n                                            x-bind:class=\"reportReason === 'Violence \\/ Threats' ? '[border-color:var(--accent-color,#6c5ce7)] [background:color-mix(in_srgb,var(--background-color,#ffffff)_84%,var(--accent-color,#6c5ce7)_16%)] [box-shadow:0_0_0_1px_var(--accent-color,#6c5ce7)]' : ''\">\\n\n                                            <span\\n\n                                                class=\"flex min-w-0 items-center gap-3 text-sm font-semibold [color:color-mix(in_srgb,var(--text-color,#0d1b2a)_72%,transparent)]\"\\n\n                                                x-bind:class=\"reportReason === 'Violence \\/ Threats' ? '[color:var(--accent-color,#6c5ce7)]' : ''\">\\n\n                                                                                                    <svg aria-hidden=\"true\" class=\"size-4 shrink-0\" fill=\"currentColor\" xmlns=\"http://www.w3.org/2000/svg\" viewBox=\"0 0 384 512\"><!--! Font Awesome Free 7.2.0 by @fontawesome - https://fontawesome.com License - https://fontawesome.com/license/free (Icons: CC BY 4.0, Fonts: SIL OFL 1.1, Code: MIT License) Copyright 2026 Fonticons, Inc. --><path fill=\"currentColor\" d=\"M160 0c17.7 0 32 14.3 32 32l0 112-64 0 0-112c0-17.7 14.3-32 32-32zM32 64c0-17.7 14.3-32 32-32S96 46.3 96 64l0 80-64 0 0-80zm192 0c0-17.7 14.3-32 32-32s32 14.3 32 32l0 96c0 17.7-14.3 32-32 32s-32-14.3-32-32l0-96zm96 64c0-17.7 14.3-32 32-32s32 14.3 32 32l0 64c0 17.7-14.3 32-32 32s-32-14.3-32-32l0-64zm-96 88l0-.6c9.4 5.4 20.3 8.6 32 8.6 13.2 0 25.4-4 35.6-10.8 8.7 24.9 32.5 42.8 60.4 42.8 11.7 0 22.6-3.1 32-8.6l0 8.6c0 52.3-25.1 98.8-64 128l0 96c0 17.7-14.3 32-32 32l-160 0c-17.7 0-32-14.3-32-32l0-78.4c-17.3-7.9-33.2-18.8-46.9-32.5L37.5 357.5C13.5 333.5 0 300.9 0 267l0-27c0-35.3 28.7-64 64-64l88 0c22.1 0 40 17.9 40 40s-17.9 40-40 40l-56 0c-8.8 0-16 7.2-16 16s7.2 16 16 16l56 0c39.8 0 72-32.2 72-72z\"/></svg>                                                                                                <span>Violence / Threats</span>\\n\n                                            </span>\\n\n                                            <input type=\"radio\" name=\"reason\" value=\"Violence / Threats\"\\n\n                                                class=\"size-4 shrink-0 accent-[var(--accent-color,#6c5ce7)]\"\\n\n                                                x-model=\"reportReason\" data-post-card-report-reason>\\n\n                                        </label>\\n\n                                                                            <label\\n\n                                            class=\"flex cursor-pointer items-center justify-between gap-3 rounded-2xl border p-4 transition active:scale-[0.98] [border-color:color-mix(in_srgb,var(--text-color,#0d1b2a)_12%,transparent)] [background:var(--background-color,#ffffff)] hover:[background:color-mix(in_srgb,var(--background-color,#ffffff)_92%,var(--accent-color,#6c5ce7)_8%)]\"\\n\n                                            x-bind:class=\"reportReason === 'Self-Harm Risk' ? '[border-color:var(--accent-color,#6c5ce7)] [background:color-mix(in_srgb,var(--background-color,#ffffff)_84%,var(--accent-color,#6c5ce7)_16%)] [box-shadow:0_0_0_1px_var(--accent-color,#6c5ce7)]' : ''\">\\n\n                                            <span\\n\n                                                class=\"flex min-w-0 items-center gap-3 text-sm font-semibold [color:color-mix(in_srgb,var(--text-color,#0d1b2a)_72%,transparent)]\"\\n\n                                                x-bind:class=\"reportReason === 'Self-Harm Risk' ? '[color:var(--accent-color,#6c5ce7)]' : ''\">\\n\n                                                                                                    <svg aria-hidden=\"true\" class=\"size-4 shrink-0\" fill=\"currentColor\" xmlns=\"http://www.w3.org/2000/svg\" viewBox=\"0 0 512 512\"><!--! Font Awesome Free 7.2.0 by @fontawesome - https://fontawesome.com License - https://fontawesome.com/license/free (Icons: CC BY 4.0, Fonts: SIL OFL 1.1, Code: MIT License) Copyright 2026 Fonticons, Inc. --><path fill=\"currentColor\" d=\"M133.1 32c17.3 0 34.2 3.4 49.9 9.7l54.8 85.2-75.4 75.4c-1.5 1.5-2.4 3.6-2.3 5.8s1 4.2 2.6 5.7l112 104c2.9 2.7 7.4 2.9 10.5 .3s3.8-7 1.7-10.4l-60.4-98.1 90.7-75.6c2.6-2.1 3.5-5.7 2.4-8.8L296.4 60.6C319.6 42.3 348.6 32 378.9 32 452.4 32 512 91.6 512 165.1l0 2.6c0 112.2-139.9 242.5-212.9 298.2-12.4 9.4-27.6 14.1-43.1 14.1s-30.8-4.6-43.1-14.1C139.9 410.2 0 279.9 0 167.7l0-2.6C0 91.6 59.6 32 133.1 32z\"/></svg>                                                                                                <span>Self-Harm Risk</span>\\n\n                                            </span>\\n\n                                            <input type=\"radio\" name=\"reason\" value=\"Self-Harm Risk\"\\n\n                                                class=\"size-4 shrink-0 accent-[var(--accent-color,#6c5ce7)]\"\\n\n                                                x-model=\"reportReason\" data-post-card-report-reason>\\n\n                                        </label>\\n\n                                                                    </div>\\n\n                            </div>\\n\n\\n\n                            <div class=\"space-y-3\">\\n\n                                <span\\n\n                                    class=\"block text-[11px] font-bold uppercase tracking-[0.08em] [color:color-mix(in_srgb,var(--text-color,#0d1b2a)_42%,transparent)]\">Legal\\n\n                                    & Integrity</span>\\n\n                                <div class=\"grid gap-3 sm:grid-cols-2\">\\n\n                                                                            <label\\n\n                                            class=\"flex cursor-pointer items-center justify-between gap-3 rounded-2xl border p-4 transition active:scale-[0.98] [border-color:color-mix(in_srgb,var(--text-color,#0d1b2a)_12%,transparent)] [background:var(--background-color,#ffffff)] hover:[background:color-mix(in_srgb,var(--background-color,#ffffff)_92%,var(--accent-color,#6c5ce7)_8%)]\"\\n\n                                            x-bind:class=\"reportReason === 'Illegal Activities' ? '[border-color:var(--accent-color,#6c5ce7)] [background:color-mix(in_srgb,var(--background-color,#ffffff)_84%,var(--accent-color,#6c5ce7)_16%)] [box-shadow:0_0_0_1px_var(--accent-color,#6c5ce7)]' : ''\">\\n\n                                            <span\\n\n                                                class=\"flex min-w-0 items-center gap-3 text-sm font-semibold [color:color-mix(in_srgb,var(--text-color,#0d1b2a)_72%,transparent)]\"\\n\n                                                x-bind:class=\"reportReason === 'Illegal Activities' ? '[color:var(--accent-color,#6c5ce7)]' : ''\">\\n\n                                                                                                    <svg aria-hidden=\"true\" class=\"size-4 shrink-0\" fill=\"currentColor\" xmlns=\"http://www.w3.org/2000/svg\" viewBox=\"0 0 576 512\"><!--! Font Awesome Free 7.2.0 by @fontawesome - https://fontawesome.com License - https://fontawesome.com/license/free (Icons: CC BY 4.0, Fonts: SIL OFL 1.1, Code: MIT License) Copyright 2026 Fonticons, Inc. --><path fill=\"currentColor\" d=\"M169.6 153.4l-18.7-18.7c-12.5-12.5-12.5-32.8 0-45.3L265.6-25.4c12.5-12.5 32.8-12.5 45.3 0L329.6-6.6c12.5 12.5 12.5 32.8 0 45.3L214.9 153.4c-12.5 12.5-32.8 12.5-45.3 0zM276 211.7l-31.4-31.4 112-112 119.4 119.4-112 112-31.4-31.4-232 232c-15.6 15.6-40.9 15.6-56.6 0s-15.6-40.9 0-56.6l232-232zM390.9 374.6c-12.5-12.5-12.5-32.8 0-45.3L505.6 214.6c12.5-12.5 32.8-12.5 45.3 0l18.7 18.7c12.5 12.5 12.5 32.8 0 45.3L454.9 393.4c-12.5 12.5-32.8 12.5-45.3 0l-18.7-18.7z\"/></svg>                                                                                                <span>Illegal Activities</span>\\n\n                                            </span>\\n\n                                            <input type=\"radio\" name=\"reason\" value=\"Illegal Activities\"\\n\n                                                class=\"size-4 shrink-0 accent-[var(--accent-color,#6c5ce7)]\"\\n\n                                                x-model=\"reportReason\" data-post-card-report-reason>\\n\n                                        </label>\\n\n                                                                            <label\\n\n                                            class=\"flex cursor-pointer items-center justify-between gap-3 rounded-2xl border p-4 transition active:scale-[0.98] [border-color:color-mix(in_srgb,var(--text-color,#0d1b2a)_12%,transparent)] [background:var(--background-color,#ffffff)] hover:[background:color-mix(in_srgb,var(--background-color,#ffffff)_92%,var(--accent-color,#6c5ce7)_8%)]\"\\n\n                                            x-bind:class=\"reportReason === 'Scams \\/ Fraud' ? '[border-color:var(--accent-color,#6c5ce7)] [background:color-mix(in_srgb,var(--background-color,#ffffff)_84%,var(--accent-color,#6c5ce7)_16%)] [box-shadow:0_0_0_1px_var(--accent-color,#6c5ce7)]' : ''\">\\n\n                                            <span\\n\n                                                class=\"flex min-w-0 items-center gap-3 text-sm font-semibold [color:color-mix(in_srgb,var(--text-color,#0d1b2a)_72%,transparent)]\"\\n\n                                                x-bind:class=\"reportReason === 'Scams \\/ Fraud' ? '[color:var(--accent-color,#6c5ce7)]' : ''\">\\n\n                                                                                                    <svg aria-hidden=\"true\" class=\"size-4 shrink-0\" fill=\"currentColor\" xmlns=\"http://www.w3.org/2000/svg\" viewBox=\"0 0 512 512\"><!--! Font Awesome Free 7.2.0 by @fontawesome - https://fontawesome.com License - https://fontawesome.com/license/free (Icons: CC BY 4.0, Fonts: SIL OFL 1.1, Code: MIT License) Copyright 2026 Fonticons, Inc. --><path fill=\"currentColor\" d=\"M367.2 412.5L99.5 144.8c-22.4 31.4-35.5 69.8-35.5 111.2 0 106 86 192 192 192 41.5 0 79.9-13.1 111.2-35.5zm45.3-45.3c22.4-31.4 35.5-69.8 35.5-111.2 0-106-86-192-192-192-41.5 0-79.9 13.1-111.2 35.5L412.5 367.2zM0 256a256 256 0 1 1 512 0 256 256 0 1 1 -512 0z\"/></svg>                                                                                                <span>Scams / Fraud</span>\\n\n                                            </span>\\n\n                                            <input type=\"radio\" name=\"reason\" value=\"Scams / Fraud\"\\n\n                                                class=\"size-4 shrink-0 accent-[var(--accent-color,#6c5ce7)]\"\\n\n                                                x-model=\"reportReason\" data-post-card-report-reason>\\n\n                                        </label>\\n\n                                                                    </div>\\n\n                            </div>\\n\n\\n\n                            <div class=\"space-y-2\">\\n\n                                <div class=\"flex items-center justify-between gap-3\">\\n\n                                    <label for=\"report-details-1\"\\n\n                                        class=\"text-sm font-semibold [color:var(--text-color,#0d1b2a)]\">Provide\\n\n                                        Additional Details (Optional)</label>\\n\n                                    <span class=\"text-xs font-semibold [color:color-mix(in_srgb,var(--text-color,#0d1b2a)_45%,transparent)]\"\\n\n                                        x-bind:class=\"reportDetailsCount() >= 560 ? '[color:var(--accent-color,#6c5ce7)]' : ''\"\\n\n                                        x-text=\"`${reportDetailsCount()} / 600`\">0 / 600</span>\\n\n                                </div>\\n\n                                <textarea id=\"report-details-1\" name=\"details\" maxlength=\"600\" rows=\"4\"\\n\n                                    x-model=\"reportDetails\" data-post-card-report-details\\n\n                                    class=\"w-full resize-none rounded-xl border px-3.5 py-3 text-sm leading-6 [border-color:color-mix(in_srgb,var(--text-color,#0d1b2a)_14%,transparent)] [background:var(--background-color,#ffffff)] [color:var(--text-color,#0d1b2a)] placeholder:[color:color-mix(in_srgb,var(--text-color,#0d1b2a)_42%,transparent)] focus:outline-none focus:ring-4 focus:[border-color:var(--accent-color,#6c5ce7)] focus:[--tw-ring-color:color-mix(in_srgb,var(--accent-color,#6c5ce7)_20%,transparent)]\"\\n\n                                    placeholder=\"Describe context or reasons to help us review this report faster.\"></textarea>\\n\n                            </div>\\n\n                        </div>\\n\n\\n\n                        <div\\n\n                            class=\"flex justify-end gap-3 border-t px-7 py-5 [border-color:color-mix(in_srgb,var(--text-color,#0d1b2a)_10%,transparent)] [background:color-mix(in_srgb,var(--background-color,#ffffff)_92%,var(--text-color,#0d1b2a)_8%)]\">\\n\n                            <button type=\"button\"\\n\n                                class=\"inline-flex min-h-11 items-center justify-center rounded-xl border px-5 text-sm font-bold transition [border-color:color-mix(in_srgb,var(--text-color,#0d1b2a)_14%,transparent)] [background:var(--background-color,#ffffff)] [color:color-mix(in_srgb,var(--text-color,#0d1b2a)_68%,transparent)] hover:[background:color-mix(in_srgb,var(--background-color,#ffffff)_88%,var(--text-color,#0d1b2a)_12%)]\"\\n\n                                x-on:click=\"closeReportModal()\">\\n\n                                Cancel\\n\n                            </button>\\n\n                            <button type=\"submit\"\\n\n                                class=\"inline-flex min-h-11 items-center justify-center gap-2 rounded-xl px-5 text-sm font-bold text-white transition [background:var(--accent-color,#6c5ce7)] [box-shadow:0_4px_12px_color-mix(in_srgb,var(--accent-color,#6c5ce7)_20%,transparent)] disabled:cursor-not-allowed disabled:opacity-55\"\\n\n                                x-bind:disabled=\"! reportReason\" data-post-card-report-submit disabled>\\n\n                                <svg aria-hidden=\"true\" class=\"size-3\" fill=\"currentColor\" xmlns=\"http://www.w3.org/2000/svg\" viewBox=\"0 0 576 512\"><!--! Font Awesome Free 7.2.0 by @fontawesome - https://fontawesome.com License - https://fontawesome.com/license/free (Icons: CC BY 4.0, Fonts: SIL OFL 1.1, Code: MIT License) Copyright 2026 Fonticons, Inc. --><path fill=\"currentColor\" d=\"M536.4-26.3c9.8-3.5 20.6-1 28 6.3s9.8 18.2 6.3 28l-178 496.9c-5 13.9-18.1 23.1-32.8 23.1-14.2 0-27-8.6-32.3-21.7l-64.2-158c-4.5-11-2.5-23.6 5.2-32.6l94.5-112.4c5.1-6.1 4.7-15-.9-20.6s-14.6-6-20.6-.9L229.2 276.1c-9.1 7.6-21.6 9.6-32.6 5.2L38.1 216.8c-13.1-5.3-21.7-18.1-21.7-32.3 0-14.7 9.2-27.8 23.1-32.8l496.9-178z\"/></svg>                                <span>Submit Report</span>\\n\n                            </button>\\n\n                        </div>\\n\n                    </form>\\n\n                </div>\\n\n            </template>\\n\n            </article>\\n\n                            </section>\\n\n\\n\n            <div class=\"pagination\" id=\"pagination\"></div>\\n\n        </main>\\n\n    </div>\\n\n    <script src=\"https://cdn.jsdelivr.net/npm/flowbite@4.0.1/dist/flowbite.min.js\"></script>\\n\n        <script>\\n\n        window.homeCategoryTags = {\"all\":[]};\\n\n        window.homeCategoryLabels = {\"All\":\"All\",\"all\":\"All\"};\\n\n        window.homeInitialCategory = null;\\n\n    </script>\\n\n    <script type=\"module\" src=\"http://localhost:5173/@vite/client\"></script><script type=\"module\" src=\"http://localhost:5173/resources/js/homepage.js\"></script></body>\\n\n</html>\\n\n' [ASCII](length: 101441) contains \"@visible_reviewer\" [ASCII](length: 17)."}]}
